******************************************************************************
                  TI ARM Linker PC v20.2.7                     
******************************************************************************
>> Linked Fri Feb 10 23:54:52 2023

OUTPUT FILE NAME:   <Example4_UARTInterrupt.out>
ENTRY POINT SYMBOL: "_c_int00_noargs"  address: 00000f09


MEMORY CONFIGURATION

         name            origin    length      used     unused   attr    fill
----------------------  --------  ---------  --------  --------  ----  --------
  FLASH                 00000000   00040000  000011bc  0003ee44  R  X
  SRAM                  20000000   00008000  0000046c  00007b94  RW X


SEGMENT ALLOCATION MAP

run origin  load origin   length   init length attrs members
----------  ----------- ---------- ----------- ----- -------
00000000    00000000    000011bc   000011bc    r-x
  00000000    00000000    0000026c   0000026c    r-- .intvecs
  0000026c    0000026c    00000d98   00000d98    r-x .text
  00001004    00001004    000001a4   000001a4    r-- .const
  000011a8    000011a8    00000014   00000014    r-- .cinit
20000000    20000000    00000470   00000000    rw-
  20000000    20000000    0000026c   00000000    rw- .vtable
  20000270    20000270    00000200   00000000    rw- .stack


SECTION ALLOCATION MAP

 output                                  attributes/
section   page    origin      length       input sections
--------  ----  ----------  ----------   ----------------
.intvecs   0    00000000    0000026c     
                  00000000    0000026c     tm4c123gh6pm_startup_ccs.obj (.intvecs)

.text      0    0000026c    00000d98     
                  0000026c    0000062e     uart.obj (.text)
                  0000089a    00000002     driverlib.lib : interrupt.obj (.text:_IntDefaultHandler)
                  0000089c    0000016c                   : gpio.obj (.text:GPIOPadConfigSet)
                  00000a08    0000012c     main.obj (.text)
                  00000b34    00000118     driverlib.lib : sysctl.obj (.text:SysCtlClockGet)
                  00000c4c    000000f4                   : sysctl.obj (.text:SysCtlClockSet)
                  00000d40    00000068                   : interrupt.obj (.text:IntDisable)
                  00000da8    00000068                   : interrupt.obj (.text:IntEnable)
                  00000e10    0000004c                   : gpio.obj (.text:GPIOPinConfigure)
                  00000e5c    00000044     rtsv7M4_T_le_v4SPD16_eabi.lib : autoinit.c.obj (.text:__TI_auto_init_nobinit_nopinit:__TI_auto_init_nobinit_nopinit)
                  00000ea0    00000034     driverlib.lib : interrupt.obj (.text:IntRegister)
                  00000ed4    00000034                   : sysctl.obj (.text:SysCtlPeripheralEnable)
                  00000f08    00000034     rtsv7M4_T_le_v4SPD16_eabi.lib : boot_cortex_m.c.obj (.text:_c_int00_noargs:_c_int00_noargs)
                  00000f3c    0000002c     driverlib.lib : gpio.obj (.text:GPIODirModeSet)
                  00000f68    0000001c     rtsv7M4_T_le_v4SPD16_eabi.lib : copy_zero_init.c.obj (.text:decompress:ZI:__TI_zero_init_nomemset:__TI_zero_init_nomemset)
                  00000f84    0000001a     driverlib.lib : gpio.obj (.text:GPIOPinTypeGPIOOutput)
                  00000f9e    00000016                   : gpio.obj (.text:GPIOPinTypeUART)
                  00000fb4    00000014                   : interrupt.obj (.text:IntUnregister)
                  00000fc8    00000010                   : interrupt.obj (.text:IntMasterEnable)
                  00000fd8    0000000c                   : cpu.obj (.text:CPUcpsie)
                  00000fe4    0000000c     tm4c123gh6pm_startup_ccs.obj (.text)
                  00000ff0    00000006     driverlib.lib : gpio.obj (.text:GPIOPinWrite)
                  00000ff6    00000006                   : sysctl.obj (.text:SysCtlDelay)
                  00000ffc    00000004     rtsv7M4_T_le_v4SPD16_eabi.lib : pre_init.c.obj (.text:_system_pre_init)
                  00001000    00000004                                   : exit.c.obj (.text:abort:abort)

.const     0    00001004    000001a4     
                  00001004    00000090     driverlib.lib : gpio.obj (.const:g_pui32GPIOBaseAddrs)
                  00001094    0000006c                   : sysctl.obj (.const:g_pui32Xtals)
                  00001100    00000040     uart.obj (.const:g_ppui32UARTIntMap)
                  00001140    00000040     uart.obj (.const:g_ppui32UARTIntMapSnowflake)
                  00001180    00000014     driverlib.lib : interrupt.obj (.const:g_pui32Dii16Regs)
                  00001194    00000014                   : interrupt.obj (.const:g_pui32EnRegs)

.cinit     0    000011a8    00000014     
                  000011a8    00000008     (.cinit..vtable.load) [load image, compression = zero_init]
                  000011b0    00000004     (__TI_handler_table)
                  000011b4    00000008     (__TI_cinit_table)

.init_array 
*          0    00000000    00000000     UNINITIALIZED

.vtable    0    20000000    0000026c     UNINITIALIZED
                  20000000    0000026c     driverlib.lib : interrupt.obj (.vtable)

.stack     0    20000270    00000200     UNINITIALIZED
                  20000270    00000004     rtsv7M4_T_le_v4SPD16_eabi.lib : boot_cortex_m.c.obj (.stack)
                  20000274    000001fc     --HOLE--

__llvm_prf_cnts 
*          0    20000000    00000000     UNINITIALIZED

MODULE SUMMARY

       Module                         code   ro data   rw data
       ------                         ----   -------   -------
    .\
       uart.obj                       1582   128       0      
       tm4c123gh6pm_startup_ccs.obj   12     620       0      
       main.obj                       300    0         0      
    +--+------------------------------+------+---------+---------+
       Total:                         1894   748       0      
                                                              
    C:/ti/TivaWare_C_Series-2.2.0.295/driverlib/ccs/Debug/driverlib.lib
       interrupt.obj                  298    40        620    
       sysctl.obj                     582    108       0      
       gpio.obj                       538    144       0      
       cpu.obj                        12     0         0      
    +--+------------------------------+------+---------+---------+
       Total:                         1430   292       620    
                                                              
    C:\ti\ccs1220\ccs\tools\compiler\ti-cgt-arm_20.2.7.LTS\lib\rtsv7M4_T_le_v4SPD16_eabi.lib
       autoinit.c.obj                 68     0         0      
       boot_cortex_m.c.obj            52     0         0      
       copy_zero_init.c.obj           28     0         0      
       exit.c.obj                     4      0         0      
       pre_init.c.obj                 4      0         0      
    +--+------------------------------+------+---------+---------+
       Total:                         156    0         0      
                                                              
       Stack:                         0      0         512    
       Linker Generated:              0      20        0      
    +--+------------------------------+------+---------+---------+
       Grand Total:                   3480   1060      1132   


LINKER GENERATED COPY TABLES

__TI_cinit_table @ 000011b4 records: 1, size/record: 8, table size: 8
	.vtable: load addr=000011a8, load size=00000008 bytes, run addr=20000000, run size=0000026c bytes, compression=zero_init


LINKER GENERATED HANDLER TABLE

__TI_handler_table @ 000011b0 records: 1, size/record: 4, table size: 4
	index: 0, handler: __TI_zero_init


GLOBAL SYMBOLS: SORTED ALPHABETICALLY BY Name 

address   name                          
-------   ----                          
00001001  C$$EXIT                       
00000fd9  CPUcpsie                      
00000f3d  GPIODirModeSet                
0000089d  GPIOPadConfigSet              
00000e11  GPIOPinConfigure              
00000f85  GPIOPinTypeGPIOOutput         
00000f9f  GPIOPinTypeUART               
00000ff1  GPIOPinWrite                  
00000d41  IntDisable                    
00000da9  IntEnable                     
00000fc9  IntMasterEnable               
00000ea1  IntRegister                   
00000fb5  IntUnregister                 
00000fe5  ResetISR                      
00000b35  SysCtlClockGet                
00000c4d  SysCtlClockSet                
00000ff7  SysCtlDelay                   
00000ed5  SysCtlPeripheralEnable        
0000083d  UART9BitAddrSend              
00000817  UART9BitAddrSet               
00000801  UART9BitDisable               
000007eb  UART9BitEnable                
0000068f  UARTBreakCtl                  
000006b9  UARTBusy                      
00000637  UARTCharGet                   
0000061b  UARTCharGetNonBlocking        
00000671  UARTCharPut                   
0000064d  UARTCharPutNonBlocking        
000005df  UARTCharsAvail                
000007db  UARTClockSourceGet            
000007c7  UARTClockSourceSet            
000003af  UARTConfigGetExpClk           
00000339  UARTConfigSetExpClk           
0000078d  UARTDMADisable                
00000775  UARTDMAEnable                 
0000041f  UARTDisable                   
000004a3  UARTDisableSIR                
000003fb  UARTEnable                    
00000475  UARTEnableSIR                 
0000045f  UARTFIFODisable               
00000449  UARTFIFOEnable                
00000311  UARTFIFOLevelGet              
000002f9  UARTFIFOLevelSet              
0000059f  UARTFlowControlGet            
00000583  UARTFlowControlSet            
00000763  UARTIntClear                  
0000072d  UARTIntDisable                
00000715  UARTIntEnable                 
00000a09  UARTIntHandler                
000006d7  UARTIntRegister               
00000745  UARTIntStatus                 
000006f5  UARTIntUnregister             
00000885  UARTLoopbackEnable            
00000539  UARTModemControlClear         
0000055d  UARTModemControlGet           
00000501  UARTModemControlSet           
0000056f  UARTModemStatusGet            
000002e7  UARTParityModeGet             
000002cb  UARTParityModeSet             
000007b7  UARTRxErrorClear              
000007a5  UARTRxErrorGet                
000004eb  UARTSmartCardDisable          
000004b9  UARTSmartCardEnable           
000005fd  UARTSpaceAvail                
000005cd  UARTTxIntModeGet              
000005b1  UARTTxIntModeSet              
20000470  __STACK_END                   
00000200  __STACK_SIZE                  
20000470  __STACK_TOP                   
000011b4  __TI_CINIT_Base               
000011bc  __TI_CINIT_Limit              
000011b0  __TI_Handler_Table_Base       
000011b4  __TI_Handler_Table_Limit      
00000e5d  __TI_auto_init_nobinit_nopinit
ffffffff  __TI_pprof_out_hndl           
ffffffff  __TI_prof_data_size           
ffffffff  __TI_prof_data_start          
00000000  __TI_static_base__            
00000f69  __TI_zero_init_nomemset       
ffffffff  __binit__                     
ffffffff  __c_args__                    
UNDEFED   __mpu_init                    
20000270  __stack                       
20000000  __start___llvm_prf_cnts       
20000000  __stop___llvm_prf_cnts        
00000f09  _c_int00_noargs               
UNDEFED   _system_post_cinit            
00000ffd  _system_pre_init              
00001001  abort                         
ffffffff  binit                         
20000000  g_pfnRAMVectors               
00000000  g_pfnVectors                  
00000a5d  main                          


GLOBAL SYMBOLS: SORTED BY Symbol Address 

address   name                          
-------   ----                          
00000000  __TI_static_base__            
00000000  g_pfnVectors                  
00000200  __STACK_SIZE                  
000002cb  UARTParityModeSet             
000002e7  UARTParityModeGet             
000002f9  UARTFIFOLevelSet              
00000311  UARTFIFOLevelGet              
00000339  UARTConfigSetExpClk           
000003af  UARTConfigGetExpClk           
000003fb  UARTEnable                    
0000041f  UARTDisable                   
00000449  UARTFIFOEnable                
0000045f  UARTFIFODisable               
00000475  UARTEnableSIR                 
000004a3  UARTDisableSIR                
000004b9  UARTSmartCardEnable           
000004eb  UARTSmartCardDisable          
00000501  UARTModemControlSet           
00000539  UARTModemControlClear         
0000055d  UARTModemControlGet           
0000056f  UARTModemStatusGet            
00000583  UARTFlowControlSet            
0000059f  UARTFlowControlGet            
000005b1  UARTTxIntModeSet              
000005cd  UARTTxIntModeGet              
000005df  UARTCharsAvail                
000005fd  UARTSpaceAvail                
0000061b  UARTCharGetNonBlocking        
00000637  UARTCharGet                   
0000064d  UARTCharPutNonBlocking        
00000671  UARTCharPut                   
0000068f  UARTBreakCtl                  
000006b9  UARTBusy                      
000006d7  UARTIntRegister               
000006f5  UARTIntUnregister             
00000715  UARTIntEnable                 
0000072d  UARTIntDisable                
00000745  UARTIntStatus                 
00000763  UARTIntClear                  
00000775  UARTDMAEnable                 
0000078d  UARTDMADisable                
000007a5  UARTRxErrorGet                
000007b7  UARTRxErrorClear              
000007c7  UARTClockSourceSet            
000007db  UARTClockSourceGet            
000007eb  UART9BitEnable                
00000801  UART9BitDisable               
00000817  UART9BitAddrSet               
0000083d  UART9BitAddrSend              
00000885  UARTLoopbackEnable            
0000089d  GPIOPadConfigSet              
00000a09  UARTIntHandler                
00000a5d  main                          
00000b35  SysCtlClockGet                
00000c4d  SysCtlClockSet                
00000d41  IntDisable                    
00000da9  IntEnable                     
00000e11  GPIOPinConfigure              
00000e5d  __TI_auto_init_nobinit_nopinit
00000ea1  IntRegister                   
00000ed5  SysCtlPeripheralEnable        
00000f09  _c_int00_noargs               
00000f3d  GPIODirModeSet                
00000f69  __TI_zero_init_nomemset       
00000f85  GPIOPinTypeGPIOOutput         
00000f9f  GPIOPinTypeUART               
00000fb5  IntUnregister                 
00000fc9  IntMasterEnable               
00000fd9  CPUcpsie                      
00000fe5  ResetISR                      
00000ff1  GPIOPinWrite                  
00000ff7  SysCtlDelay                   
00000ffd  _system_pre_init              
00001001  C$$EXIT                       
00001001  abort                         
000011b0  __TI_Handler_Table_Base       
000011b4  __TI_CINIT_Base               
000011b4  __TI_Handler_Table_Limit      
000011bc  __TI_CINIT_Limit              
20000000  __start___llvm_prf_cnts       
20000000  __stop___llvm_prf_cnts        
20000000  g_pfnRAMVectors               
20000270  __stack                       
20000470  __STACK_END                   
20000470  __STACK_TOP                   
ffffffff  __TI_pprof_out_hndl           
ffffffff  __TI_prof_data_size           
ffffffff  __TI_prof_data_start          
ffffffff  __binit__                     
ffffffff  __c_args__                    
ffffffff  binit                         
UNDEFED   __mpu_init                    
UNDEFED   _system_post_cinit            

[93 symbols]
