******************************************************************************
                  TI ARM Linker PC v20.2.7                     
******************************************************************************
>> Linked Mon Feb 13 16:29:52 2023

OUTPUT FILE NAME:   <Exercise_3-2.out>
ENTRY POINT SYMBOL: "_c_int00_noargs"  address: 00000ac5


MEMORY CONFIGURATION

         name            origin    length      used     unused   attr    fill
----------------------  --------  ---------  --------  --------  ----  --------
  FLASH                 00000000   00040000  00000ca4  0003f35c  R  X
  SRAM                  20000000   00008000  000004a0  00007b60  RW X


SEGMENT ALLOCATION MAP

run origin  load origin   length   init length attrs members
----------  ----------- ---------- ----------- ----- -------
00000000    00000000    00000ca8   00000ca8    r-x
  00000000    00000000    0000026c   0000026c    r-- .intvecs
  0000026c    0000026c    0000098c   0000098c    r-x .text
  00000bf8    00000bf8    0000006c   0000006c    r-- .const
  00000c68    00000c68    00000040   00000040    r-- .cinit
20000000    20000000    000004a4   00000000    rw-
  20000000    20000000    0000026c   00000000    rw- .vtable
  20000270    20000270    00000200   00000000    rw- .stack
  20000470    20000470    0000001c   00000000    rw- .data
  2000048c    2000048c    00000018   00000000    rw- .bss


SECTION ALLOCATION MAP

 output                                  attributes/
section   page    origin      length       input sections
--------  ----  ----------  ----------   ----------------
.intvecs   0    00000000    0000026c     
                  00000000    0000026c     tm4c123gh6pm_startup_ccs.obj (.intvecs)

.text      0    0000026c    0000098c     
                  0000026c    00000188     button.obj (.text)
                  000003f4    0000016c     driverlib.lib : gpio.obj (.text:GPIOPadConfigSet)
                  00000560    0000016c     main.obj (.text)
                  000006cc    00000118     driverlib.lib : sysctl.obj (.text:SysCtlClockGet)
                  000007e4    000000f4                   : sysctl.obj (.text:SysCtlClockSet)
                  000008d8    0000009c     rtsv7M4_T_le_v4SPD16_eabi.lib : memcpy_t2.asm.obj (.text)
                  00000974    00000068                                   : copy_decompress_lzss.c.obj (.text:decompress:lzss:__TI_decompress_lzss)
                  000009dc    00000044                                   : autoinit.c.obj (.text:__TI_auto_init_nobinit_nopinit:__TI_auto_init_nobinit_nopinit)
                  00000a20    0000003c     systick_ms.obj (.text)
                  00000a5c    00000034     driverlib.lib : interrupt.obj (.text:IntRegister)
                  00000a90    00000034                   : sysctl.obj (.text:SysCtlPeripheralEnable)
                  00000ac4    00000034     rtsv7M4_T_le_v4SPD16_eabi.lib : boot_cortex_m.c.obj (.text:_c_int00_noargs:_c_int00_noargs)
                  00000af8    0000002c     driverlib.lib : gpio.obj (.text:GPIODirModeSet)
                  00000b24    0000001c                   : systick.obj (.text:SysTickIntRegister)
                  00000b40    0000001c     rtsv7M4_T_le_v4SPD16_eabi.lib : copy_zero_init.c.obj (.text:decompress:ZI:__TI_zero_init_nomemset:__TI_zero_init_nomemset)
                  00000b5c    0000001a     driverlib.lib : gpio.obj (.text:GPIOPinTypeGPIOOutput)
                  00000b76    00000016                   : gpio.obj (.text:GPIOPinTypeGPIOInput)
                  00000b8c    00000014                   : systick.obj (.text:SysTickEnable)
                  00000ba0    00000014                   : systick.obj (.text:SysTickIntEnable)
                  00000bb4    00000010                   : systick.obj (.text:SysTickPeriodSet)
                  00000bc4    0000000e     rtsv7M4_T_le_v4SPD16_eabi.lib : copy_decompress_none.c.obj (.text:decompress:none:__TI_decompress_none)
                  00000bd2    0000000c     tm4c123gh6pm_startup_ccs.obj (.text)
                  00000bde    00000006     driverlib.lib : gpio.obj (.text:GPIOPinRead)
                  00000be4    00000006                   : gpio.obj (.text:GPIOPinWrite)
                  00000bea    00000006                   : sysctl.obj (.text:SysCtlDelay)
                  00000bf0    00000004     rtsv7M4_T_le_v4SPD16_eabi.lib : pre_init.c.obj (.text:_system_pre_init)
                  00000bf4    00000004                                   : exit.c.obj (.text:abort:abort)

.const     0    00000bf8    0000006c     
                  00000bf8    0000006c     driverlib.lib : sysctl.obj (.const:g_pui32Xtals)

.cinit     0    00000c68    00000040     
                  00000c68    0000000c     (__TI_handler_table)
                  00000c74    0000000b     (.cinit..data.load) [load image, compression = lzss]
                  00000c7f    00000001     --HOLE-- [fill = 0]
                  00000c80    00000008     (.cinit..bss.load) [load image, compression = zero_init]
                  00000c88    00000008     (.cinit..vtable.load) [load image, compression = zero_init]
                  00000c90    00000018     (__TI_cinit_table)

.init_array 
*          0    00000000    00000000     UNINITIALIZED

.vtable    0    20000000    0000026c     UNINITIALIZED
                  20000000    0000026c     driverlib.lib : interrupt.obj (.vtable)

.data      0    20000470    0000001c     UNINITIALIZED
                  20000470    00000010     button.obj (.data)
                  20000480    00000008     main.obj (.data)
                  20000488    00000004     systick_ms.obj (.data)

.bss       0    2000048c    00000018     UNINITIALIZED
                  2000048c    00000018     (.common:button1)

.stack     0    20000270    00000200     UNINITIALIZED
                  20000270    00000004     rtsv7M4_T_le_v4SPD16_eabi.lib : boot_cortex_m.c.obj (.stack)
                  20000274    000001fc     --HOLE--

__llvm_prf_cnts 
*          0    20000000    00000000     UNINITIALIZED

MODULE SUMMARY

       Module                         code   ro data   rw data
       ------                         ----   -------   -------
    .\
       tm4c123gh6pm_startup_ccs.obj   12     620       0      
       main.obj                       364    0         32     
    +--+------------------------------+------+---------+---------+
       Total:                         376    620       32     
                                                              
    .\Libraries\
       button.obj                     392    0         16     
       systick_ms.obj                 60     0         4      
    +--+------------------------------+------+---------+---------+
       Total:                         452    0         20     
                                                              
    C:/ti/TivaWare_C_Series-2.2.0.295/driverlib/ccs/Debug/driverlib.lib
       sysctl.obj                     582    108       0      
       interrupt.obj                  52     0         620    
       gpio.obj                       468    0         0      
       systick.obj                    84     0         0      
    +--+------------------------------+------+---------+---------+
       Total:                         1186   108       620    
                                                              
    C:\ti\ccs1220\ccs\tools\compiler\ti-cgt-arm_20.2.7.LTS\lib\rtsv7M4_T_le_v4SPD16_eabi.lib
       memcpy_t2.asm.obj              156    0         0      
       copy_decompress_lzss.c.obj     104    0         0      
       autoinit.c.obj                 68     0         0      
       boot_cortex_m.c.obj            52     0         0      
       copy_zero_init.c.obj           28     0         0      
       copy_decompress_none.c.obj     14     0         0      
       exit.c.obj                     4      0         0      
       pre_init.c.obj                 4      0         0      
    +--+------------------------------+------+---------+---------+
       Total:                         430    0         0      
                                                              
       Stack:                         0      0         512    
       Linker Generated:              0      63        0      
    +--+------------------------------+------+---------+---------+
       Grand Total:                   2444   791       1184   


LINKER GENERATED COPY TABLES

__TI_cinit_table @ 00000c90 records: 3, size/record: 8, table size: 24
	.data: load addr=00000c74, load size=0000000b bytes, run addr=20000470, run size=0000001c bytes, compression=lzss
	.bss: load addr=00000c80, load size=00000008 bytes, run addr=2000048c, run size=00000018 bytes, compression=zero_init
	.vtable: load addr=00000c88, load size=00000008 bytes, run addr=20000000, run size=0000026c bytes, compression=zero_init


LINKER GENERATED HANDLER TABLE

__TI_handler_table @ 00000c68 records: 3, size/record: 4, table size: 12
	index: 0, handler: __TI_zero_init
	index: 1, handler: __TI_decompress_lzss
	index: 2, handler: __TI_decompress_none


GLOBAL SYMBOLS: SORTED ALPHABETICALLY BY Name 

address   name                            
-------   ----                            
0000028f  BUTTON_Handle                   
0000037f  BUTTON_Init                     
000003bb  BUTTON_Set_Callback_Function    
00000bf5  C$$EXIT                         
00000af9  GPIODirModeSet                  
000003f5  GPIOPadConfigSet                
00000bdf  GPIOPinRead                     
00000b77  GPIOPinTypeGPIOInput            
00000b5d  GPIOPinTypeGPIOOutput           
00000be5  GPIOPinWrite                    
00000a5d  IntRegister                     
00000bd3  ResetISR                        
0000061b  STATE_MACHINE_Handle            
000006cd  SysCtlClockGet                  
000007e5  SysCtlClockSet                  
00000beb  SysCtlDelay                     
00000a91  SysCtlPeripheralEnable          
00000b8d  SysTickEnable                   
00000ba1  SysTickIntEnable                
00000b25  SysTickIntRegister              
00000a4d  SysTickMs_GetTick               
00000a2b  SysTickMs_Init                  
00000bb5  SysTickPeriodSet                
2000047c  __BUTTON_Long_Pressing_Callback 
20000470  __BUTTON_Pressing_Callback      
20000474  __BUTTON_Releasing_Callback     
20000478  __BUTTON_Short_Pressing_Callback
20000470  __STACK_END                     
00000200  __STACK_SIZE                    
20000470  __STACK_TOP                     
00000c90  __TI_CINIT_Base                 
00000ca8  __TI_CINIT_Limit                
00000c68  __TI_Handler_Table_Base         
00000c74  __TI_Handler_Table_Limit        
000009dd  __TI_auto_init_nobinit_nopinit  
00000975  __TI_decompress_lzss            
00000bc5  __TI_decompress_none            
ffffffff  __TI_pprof_out_hndl             
ffffffff  __TI_prof_data_size             
ffffffff  __TI_prof_data_start            
00000000  __TI_static_base__              
00000b41  __TI_zero_init_nomemset         
000008d9  __aeabi_memcpy                  
000008d9  __aeabi_memcpy4                 
000008d9  __aeabi_memcpy8                 
ffffffff  __binit__                       
ffffffff  __c_args__                      
UNDEFED   __mpu_init                      
20000270  __stack                         
20000000  __start___llvm_prf_cnts         
20000000  __stop___llvm_prf_cnts          
00000ac5  _c_int00_noargs                 
UNDEFED   _system_post_cinit              
00000bf1  _system_pre_init                
00000bf5  abort                           
ffffffff  binit                           
20000481  blink_counter                   
20000484  blink_timer                     
2000048c  button1                         
000005d1  button_short_pressing_callback  
20000000  g_pfnRAMVectors                 
00000000  g_pfnVectors                    
00000561  main                            
000008d9  memcpy                          


GLOBAL SYMBOLS: SORTED BY Symbol Address 

address   name                            
-------   ----                            
00000000  __TI_static_base__              
00000000  g_pfnVectors                    
00000200  __STACK_SIZE                    
0000028f  BUTTON_Handle                   
0000037f  BUTTON_Init                     
000003bb  BUTTON_Set_Callback_Function    
000003f5  GPIOPadConfigSet                
00000561  main                            
000005d1  button_short_pressing_callback  
0000061b  STATE_MACHINE_Handle            
000006cd  SysCtlClockGet                  
000007e5  SysCtlClockSet                  
000008d9  __aeabi_memcpy                  
000008d9  __aeabi_memcpy4                 
000008d9  __aeabi_memcpy8                 
000008d9  memcpy                          
00000975  __TI_decompress_lzss            
000009dd  __TI_auto_init_nobinit_nopinit  
00000a2b  SysTickMs_Init                  
00000a4d  SysTickMs_GetTick               
00000a5d  IntRegister                     
00000a91  SysCtlPeripheralEnable          
00000ac5  _c_int00_noargs                 
00000af9  GPIODirModeSet                  
00000b25  SysTickIntRegister              
00000b41  __TI_zero_init_nomemset         
00000b5d  GPIOPinTypeGPIOOutput           
00000b77  GPIOPinTypeGPIOInput            
00000b8d  SysTickEnable                   
00000ba1  SysTickIntEnable                
00000bb5  SysTickPeriodSet                
00000bc5  __TI_decompress_none            
00000bd3  ResetISR                        
00000bdf  GPIOPinRead                     
00000be5  GPIOPinWrite                    
00000beb  SysCtlDelay                     
00000bf1  _system_pre_init                
00000bf5  C$$EXIT                         
00000bf5  abort                           
00000c68  __TI_Handler_Table_Base         
00000c74  __TI_Handler_Table_Limit        
00000c90  __TI_CINIT_Base                 
00000ca8  __TI_CINIT_Limit                
20000000  __start___llvm_prf_cnts         
20000000  __stop___llvm_prf_cnts          
20000000  g_pfnRAMVectors                 
20000270  __stack                         
20000470  __BUTTON_Pressing_Callback      
20000470  __STACK_END                     
20000470  __STACK_TOP                     
20000474  __BUTTON_Releasing_Callback     
20000478  __BUTTON_Short_Pressing_Callback
2000047c  __BUTTON_Long_Pressing_Callback 
20000481  blink_counter                   
20000484  blink_timer                     
2000048c  button1                         
ffffffff  __TI_pprof_out_hndl             
ffffffff  __TI_prof_data_size             
ffffffff  __TI_prof_data_start            
ffffffff  __binit__                       
ffffffff  __c_args__                      
ffffffff  binit                           
UNDEFED   __mpu_init                      
UNDEFED   _system_post_cinit              

[64 symbols]
