******************************************************************************
                  TI ARM Linker PC v20.2.7                     
******************************************************************************
>> Linked Mon Feb 13 15:53:09 2023

OUTPUT FILE NAME:   <Test_External_Interrupt.out>
ENTRY POINT SYMBOL: "_c_int00_noargs"  address: 00000991


MEMORY CONFIGURATION

         name            origin    length      used     unused   attr    fill
----------------------  --------  ---------  --------  --------  ----  --------
  FLASH                 00000000   00040000  00000d6a  0003f296  R  X
  SRAM                  20000000   00008000  00000475  00007b8b  RW X


SEGMENT ALLOCATION MAP

run origin  load origin   length   init length attrs members
----------  ----------- ---------- ----------- ----- -------
00000000    00000000    00000d70   00000d70    r-x
  00000000    00000000    0000026c   0000026c    r-- .intvecs
  0000026c    0000026c    000008a6   000008a6    r-x .text
  00000b14    00000b14    00000218   00000218    r-- .const
  00000d30    00000d30    00000040   00000040    r-- .cinit
20000000    20000000    00000478   00000000    rw-
  20000000    20000000    0000026c   00000000    rw- .vtable
  2000026c    2000026c    00000001   00000000    rw- .bss
  20000270    20000270    00000200   00000000    rw- .stack
  20000470    20000470    00000008   00000000    rw- .data


SECTION ALLOCATION MAP

 output                                  attributes/
section   page    origin      length       input sections
--------  ----  ----------  ----------   ----------------
.intvecs   0    00000000    0000026c     
                  00000000    0000026c     tm4c123gh6pm_startup_ccs.obj (.intvecs)

.text      0    0000026c    000008a6     
                  0000026c    0000016c     driverlib.lib : gpio.obj (.text:GPIOPadConfigSet)
                  000003d8    00000118                   : sysctl.obj (.text:SysCtlClockGet)
                  000004f0    000000f4                   : sysctl.obj (.text:SysCtlClockSet)
                  000005e4    000000bc     main.obj (.text)
                  000006a0    0000009c     rtsv7M4_T_le_v4SPD16_eabi.lib : memcpy_t2.asm.obj (.text)
                  0000073c    00000068     driverlib.lib : interrupt.obj (.text:IntEnable)
                  000007a4    00000068     rtsv7M4_T_le_v4SPD16_eabi.lib : copy_decompress_lzss.c.obj (.text:decompress:lzss:__TI_decompress_lzss)
                  0000080c    00000058     driverlib.lib : gpio.obj (.text:GPIOIntTypeSet)
                  00000864    00000044                   : gpio.obj (.text:_GPIOIntNumberGet)
                  000008a8    00000044     rtsv7M4_T_le_v4SPD16_eabi.lib : autoinit.c.obj (.text:__TI_auto_init_nobinit_nopinit:__TI_auto_init_nobinit_nopinit)
                  000008ec    0000003c     systick_ms.obj (.text)
                  00000928    00000034     driverlib.lib : interrupt.obj (.text:IntRegister)
                  0000095c    00000034                   : sysctl.obj (.text:SysCtlPeripheralEnable)
                  00000990    00000034     rtsv7M4_T_le_v4SPD16_eabi.lib : boot_cortex_m.c.obj (.text:_c_int00_noargs:_c_int00_noargs)
                  000009c4    0000002c     driverlib.lib : gpio.obj (.text:GPIODirModeSet)
                  000009f0    0000001c                   : systick.obj (.text:SysTickIntRegister)
                  00000a0c    0000001c     rtsv7M4_T_le_v4SPD16_eabi.lib : copy_zero_init.c.obj (.text:decompress:ZI:__TI_zero_init_nomemset:__TI_zero_init_nomemset)
                  00000a28    0000001a     driverlib.lib : gpio.obj (.text:GPIOPinTypeGPIOOutput)
                  00000a42    00000018                   : gpio.obj (.text:GPIOIntRegister)
                  00000a5a    00000016                   : gpio.obj (.text:GPIOPinTypeGPIOInput)
                  00000a70    00000014                   : systick.obj (.text:SysTickEnable)
                  00000a84    00000014                   : systick.obj (.text:SysTickIntEnable)
                  00000a98    00000010                   : interrupt.obj (.text:IntMasterEnable)
                  00000aa8    00000010                   : systick.obj (.text:SysTickPeriodSet)
                  00000ab8    0000000e                   : gpio.obj (.text:GPIOIntStatus)
                  00000ac6    0000000e     rtsv7M4_T_le_v4SPD16_eabi.lib : copy_decompress_none.c.obj (.text:decompress:none:__TI_decompress_none)
                  00000ad4    0000000c     driverlib.lib : cpu.obj (.text:CPUcpsie)
                  00000ae0    0000000c                   : gpio.obj (.text:GPIOIntEnable)
                  00000aec    0000000c     tm4c123gh6pm_startup_ccs.obj (.text)
                  00000af8    00000006     driverlib.lib : gpio.obj (.text:GPIOIntClear)
                  00000afe    00000006                   : gpio.obj (.text:GPIOPinWrite)
                  00000b04    00000006                   : sysctl.obj (.text:SysCtlDelay)
                  00000b0a    00000004     rtsv7M4_T_le_v4SPD16_eabi.lib : pre_init.c.obj (.text:_system_pre_init)
                  00000b0e    00000004                                   : exit.c.obj (.text:abort:abort)

.const     0    00000b14    00000218     
                  00000b14    000000d8     driverlib.lib : gpio.obj (.const:g_ppui32GPIOIntMapSnowflake)
                  00000bec    000000c0                   : gpio.obj (.const:g_ppui32GPIOIntMapBlizzard)
                  00000cac    0000006c                   : sysctl.obj (.const:g_pui32Xtals)
                  00000d18    00000014                   : interrupt.obj (.const:g_pui32EnRegs)

.cinit     0    00000d30    00000040     
                  00000d30    0000000c     (__TI_handler_table)
                  00000d3c    00000004     --HOLE-- [fill = 0]
                  00000d40    00000008     (.cinit..bss.load) [load image, compression = zero_init]
                  00000d48    00000008     (.cinit..vtable.load) [load image, compression = zero_init]
                  00000d50    00000007     (.cinit..data.load) [load image, compression = lzss]
                  00000d57    00000001     --HOLE-- [fill = 0]
                  00000d58    00000018     (__TI_cinit_table)

.init_array 
*          0    00000000    00000000     UNINITIALIZED

.vtable    0    20000000    0000026c     UNINITIALIZED
                  20000000    0000026c     driverlib.lib : interrupt.obj (.vtable)

.bss       0    2000026c    00000001     UNINITIALIZED
                  2000026c    00000001     (.common:led_state)

.data      0    20000470    00000008     UNINITIALIZED
                  20000470    00000004     main.obj (.data)
                  20000474    00000004     systick_ms.obj (.data)

.stack     0    20000270    00000200     UNINITIALIZED
                  20000270    00000004     rtsv7M4_T_le_v4SPD16_eabi.lib : boot_cortex_m.c.obj (.stack)
                  20000274    000001fc     --HOLE--

__llvm_prf_cnts 
*          0    20000000    00000000     UNINITIALIZED

MODULE SUMMARY

       Module                         code   ro data   rw data
       ------                         ----   -------   -------
    .\
       tm4c123gh6pm_startup_ccs.obj   12     620       0      
       main.obj                       188    0         5      
    +--+------------------------------+------+---------+---------+
       Total:                         200    620       5      
                                                              
    .\Libraries\
       systick_ms.obj                 60     0         4      
    +--+------------------------------+------+---------+---------+
       Total:                         60     0         4      
                                                              
    C:/ti/TivaWare_C_Series-2.2.0.295/driverlib/ccs/Debug/driverlib.lib
       gpio.obj                       674    408       0      
       interrupt.obj                  172    20        620    
       sysctl.obj                     582    108       0      
       systick.obj                    84     0         0      
       cpu.obj                        12     0         0      
    +--+------------------------------+------+---------+---------+
       Total:                         1524   536       620    
                                                              
    C:\ti\ccs1220\ccs\tools\compiler\ti-cgt-arm_20.2.7.LTS\lib\rtsv7M4_T_le_v4SPD16_eabi.lib
       memcpy_t2.asm.obj              156    0         0      
       copy_decompress_lzss.c.obj     104    0         0      
       autoinit.c.obj                 68     0         0      
       boot_cortex_m.c.obj            52     0         0      
       copy_zero_init.c.obj           28     0         0      
       copy_decompress_none.c.obj     14     0         0      
       exit.c.obj                     4      0         0      
       pre_init.c.obj                 4      0         0      
    +--+------------------------------+------+---------+---------+
       Total:                         430    0         0      
                                                              
       Stack:                         0      0         512    
       Linker Generated:              0      59        0      
    +--+------------------------------+------+---------+---------+
       Grand Total:                   2214   1215      1141   


LINKER GENERATED COPY TABLES

__TI_cinit_table @ 00000d58 records: 3, size/record: 8, table size: 24
	.bss: load addr=00000d40, load size=00000008 bytes, run addr=2000026c, run size=00000001 bytes, compression=zero_init
	.vtable: load addr=00000d48, load size=00000008 bytes, run addr=20000000, run size=0000026c bytes, compression=zero_init
	.data: load addr=00000d50, load size=00000007 bytes, run addr=20000470, run size=00000008 bytes, compression=lzss


LINKER GENERATED HANDLER TABLE

__TI_handler_table @ 00000d30 records: 3, size/record: 4, table size: 12
	index: 0, handler: __TI_zero_init
	index: 1, handler: __TI_decompress_lzss
	index: 2, handler: __TI_decompress_none


GLOBAL SYMBOLS: SORTED ALPHABETICALLY BY Name 

address   name                          
-------   ----                          
00000b0f  C$$EXIT                       
00000ad5  CPUcpsie                      
000009c5  GPIODirModeSet                
00000af9  GPIOIntClear                  
00000ae1  GPIOIntEnable                 
00000a43  GPIOIntRegister               
00000ab9  GPIOIntStatus                 
0000080d  GPIOIntTypeSet                
0000026d  GPIOPadConfigSet              
00000a5b  GPIOPinTypeGPIOInput          
00000a29  GPIOPinTypeGPIOOutput         
00000aff  GPIOPinWrite                  
000005e5  GPIO_ISR                      
0000073d  IntEnable                     
00000a99  IntMasterEnable               
00000929  IntRegister                   
00000aed  ResetISR                      
000003d9  SysCtlClockGet                
000004f1  SysCtlClockSet                
00000b05  SysCtlDelay                   
0000095d  SysCtlPeripheralEnable        
00000a71  SysTickEnable                 
00000a85  SysTickIntEnable              
000009f1  SysTickIntRegister            
00000919  SysTickMs_GetTick             
000008f7  SysTickMs_Init                
00000aa9  SysTickPeriodSet              
20000470  __STACK_END                   
00000200  __STACK_SIZE                  
20000470  __STACK_TOP                   
00000d58  __TI_CINIT_Base               
00000d70  __TI_CINIT_Limit              
00000d30  __TI_Handler_Table_Base       
00000d3c  __TI_Handler_Table_Limit      
000008a9  __TI_auto_init_nobinit_nopinit
000007a5  __TI_decompress_lzss          
00000ac7  __TI_decompress_none          
ffffffff  __TI_pprof_out_hndl           
ffffffff  __TI_prof_data_size           
ffffffff  __TI_prof_data_start          
00000000  __TI_static_base__            
00000a0d  __TI_zero_init_nomemset       
000006a1  __aeabi_memcpy                
000006a1  __aeabi_memcpy4               
000006a1  __aeabi_memcpy8               
ffffffff  __binit__                     
ffffffff  __c_args__                    
UNDEFED   __mpu_init                    
20000270  __stack                       
20000000  __start___llvm_prf_cnts       
20000000  __stop___llvm_prf_cnts        
00000991  _c_int00_noargs               
UNDEFED   _system_post_cinit            
00000b0b  _system_pre_init              
00000b0f  abort                         
ffffffff  binit                         
20000000  g_pfnRAMVectors               
00000000  g_pfnVectors                  
2000026c  led_state                     
00000623  main                          
000006a1  memcpy                        


GLOBAL SYMBOLS: SORTED BY Symbol Address 

address   name                          
-------   ----                          
00000000  __TI_static_base__            
00000000  g_pfnVectors                  
00000200  __STACK_SIZE                  
0000026d  GPIOPadConfigSet              
000003d9  SysCtlClockGet                
000004f1  SysCtlClockSet                
000005e5  GPIO_ISR                      
00000623  main                          
000006a1  __aeabi_memcpy                
000006a1  __aeabi_memcpy4               
000006a1  __aeabi_memcpy8               
000006a1  memcpy                        
0000073d  IntEnable                     
000007a5  __TI_decompress_lzss          
0000080d  GPIOIntTypeSet                
000008a9  __TI_auto_init_nobinit_nopinit
000008f7  SysTickMs_Init                
00000919  SysTickMs_GetTick             
00000929  IntRegister                   
0000095d  SysCtlPeripheralEnable        
00000991  _c_int00_noargs               
000009c5  GPIODirModeSet                
000009f1  SysTickIntRegister            
00000a0d  __TI_zero_init_nomemset       
00000a29  GPIOPinTypeGPIOOutput         
00000a43  GPIOIntRegister               
00000a5b  GPIOPinTypeGPIOInput          
00000a71  SysTickEnable                 
00000a85  SysTickIntEnable              
00000a99  IntMasterEnable               
00000aa9  SysTickPeriodSet              
00000ab9  GPIOIntStatus                 
00000ac7  __TI_decompress_none          
00000ad5  CPUcpsie                      
00000ae1  GPIOIntEnable                 
00000aed  ResetISR                      
00000af9  GPIOIntClear                  
00000aff  GPIOPinWrite                  
00000b05  SysCtlDelay                   
00000b0b  _system_pre_init              
00000b0f  C$$EXIT                       
00000b0f  abort                         
00000d30  __TI_Handler_Table_Base       
00000d3c  __TI_Handler_Table_Limit      
00000d58  __TI_CINIT_Base               
00000d70  __TI_CINIT_Limit              
20000000  __start___llvm_prf_cnts       
20000000  __stop___llvm_prf_cnts        
20000000  g_pfnRAMVectors               
2000026c  led_state                     
20000270  __stack                       
20000470  __STACK_END                   
20000470  __STACK_TOP                   
ffffffff  __TI_pprof_out_hndl           
ffffffff  __TI_prof_data_size           
ffffffff  __TI_prof_data_start          
ffffffff  __binit__                     
ffffffff  __c_args__                    
ffffffff  binit                         
UNDEFED   __mpu_init                    
UNDEFED   _system_post_cinit            

[61 symbols]
