******************************************************************************
                  TI ARM Linker PC v20.2.7                     
******************************************************************************
>> Linked Sat Feb 11 00:13:37 2023

OUTPUT FILE NAME:   <example7_SwitchStateMachine.out>
ENTRY POINT SYMBOL: "_c_int00_noargs"  address: 00000765


MEMORY CONFIGURATION

         name            origin    length      used     unused   attr    fill
----------------------  --------  ---------  --------  --------  ----  --------
  FLASH                 00000000   00040000  00000852  0003f7ae  R  X
  SRAM                  20000000   00008000  00000201  00007dff  RW X


SEGMENT ALLOCATION MAP

run origin  load origin   length   init length attrs members
----------  ----------- ---------- ----------- ----- -------
00000000    00000000    00000858   00000858    r-x
  00000000    00000000    0000026c   0000026c    r-- .intvecs
  0000026c    0000026c    000005c2   000005c2    r-x .text
  00000830    00000830    0000000c   0000000c    r-- .const
  00000840    00000840    00000018   00000018    r-- .cinit
20000000    20000000    00000201   00000000    rw-
  20000000    20000000    00000200   00000000    rw- .stack
  20000200    20000200    00000001   00000000    rw- .data


SECTION ALLOCATION MAP

 output                                  attributes/
section   page    origin      length       input sections
--------  ----  ----------  ----------   ----------------
.intvecs   0    00000000    0000026c     
                  00000000    0000026c     tm4c123gh6pm_startup_ccs.obj (.intvecs)

.text      0    0000026c    000005c2     
                  0000026c    0000016c     driverlib.lib : gpio.obj (.text:GPIOPadConfigSet)
                  000003d8    000000f4                   : sysctl.obj (.text:SysCtlClockSet)
                  000004cc    0000009c     rtsv7M4_T_le_v4SPD16_eabi.lib : memcpy_t2.asm.obj (.text)
                  00000568    00000078     switches.obj (.text)
                  000005e0    0000006c     ledRedStateMachine.obj (.text)
                  0000064c    00000068     rtsv7M4_T_le_v4SPD16_eabi.lib : copy_decompress_lzss.c.obj (.text:decompress:lzss:__TI_decompress_lzss)
                  000006b4    00000044                                   : autoinit.c.obj (.text:__TI_auto_init_nobinit_nopinit:__TI_auto_init_nobinit_nopinit)
                  000006f8    00000038     led.obj (.text)
                  00000730    00000034     driverlib.lib : sysctl.obj (.text:SysCtlPeripheralEnable)
                  00000764    00000034     rtsv7M4_T_le_v4SPD16_eabi.lib : boot_cortex_m.c.obj (.text:_c_int00_noargs:_c_int00_noargs)
                  00000798    0000002c     driverlib.lib : gpio.obj (.text:GPIODirModeSet)
                  000007c4    0000001c     main.obj (.text)
                  000007e0    0000001a     driverlib.lib : gpio.obj (.text:GPIOPinTypeGPIOOutput)
                  000007fa    0000000e     rtsv7M4_T_le_v4SPD16_eabi.lib : copy_decompress_none.c.obj (.text:decompress:none:__TI_decompress_none)
                  00000808    0000000c     tm4c123gh6pm_startup_ccs.obj (.text)
                  00000814    00000006     driverlib.lib : gpio.obj (.text:GPIOPinRead)
                  0000081a    00000006                   : gpio.obj (.text:GPIOPinWrite)
                  00000820    00000006                   : sysctl.obj (.text:SysCtlDelay)
                  00000826    00000004     rtsv7M4_T_le_v4SPD16_eabi.lib : pre_init.c.obj (.text:_system_pre_init)
                  0000082a    00000004                                   : exit.c.obj (.text:abort:abort)

.const     0    00000830    0000000c     
                  00000830    0000000c     led.obj (.const:ledPin)

.cinit     0    00000840    00000018     
                  00000840    00000008     (__TI_handler_table)
                  00000848    00000005     (.cinit..data.load) [load image, compression = lzss]
                  0000084d    00000003     --HOLE-- [fill = 0]
                  00000850    00000008     (__TI_cinit_table)

.init_array 
*          0    00000000    00000000     UNINITIALIZED

.data      0    20000200    00000001     UNINITIALIZED
                  20000200    00000001     ledRedStateMachine.obj (.data)

.stack     0    20000000    00000200     UNINITIALIZED
                  20000000    00000004     rtsv7M4_T_le_v4SPD16_eabi.lib : boot_cortex_m.c.obj (.stack)
                  20000004    000001fc     --HOLE--

__llvm_prf_cnts 
*          0    20000000    00000000     UNINITIALIZED

MODULE SUMMARY

       Module                         code   ro data   rw data
       ------                         ----   -------   -------
    .\
       tm4c123gh6pm_startup_ccs.obj   12     620       0      
       switches.obj                   120    0         0      
       ledRedStateMachine.obj         108    0         1      
       led.obj                        56     12        0      
       main.obj                       28     0         0      
    +--+------------------------------+------+---------+---------+
       Total:                         324    632       1      
                                                              
    C:/ti/TivaWare_C_Series-2.2.0.295/driverlib/ccs/Debug/driverlib.lib
       gpio.obj                       446    0         0      
       sysctl.obj                     302    0         0      
    +--+------------------------------+------+---------+---------+
       Total:                         748    0         0      
                                                              
    C:\ti\ccs1220\ccs\tools\compiler\ti-cgt-arm_20.2.7.LTS\lib\rtsv7M4_T_le_v4SPD16_eabi.lib
       memcpy_t2.asm.obj              156    0         0      
       copy_decompress_lzss.c.obj     104    0         0      
       autoinit.c.obj                 68     0         0      
       boot_cortex_m.c.obj            52     0         0      
       copy_decompress_none.c.obj     14     0         0      
       exit.c.obj                     4      0         0      
       pre_init.c.obj                 4      0         0      
    +--+------------------------------+------+---------+---------+
       Total:                         402    0         0      
                                                              
       Stack:                         0      0         512    
       Linker Generated:              0      21        0      
    +--+------------------------------+------+---------+---------+
       Grand Total:                   1474   653       513    


LINKER GENERATED COPY TABLES

__TI_cinit_table @ 00000850 records: 1, size/record: 8, table size: 8
	.data: load addr=00000848, load size=00000005 bytes, run addr=20000200, run size=00000001 bytes, compression=lzss


LINKER GENERATED HANDLER TABLE

__TI_handler_table @ 00000840 records: 2, size/record: 4, table size: 8
	index: 0, handler: __TI_decompress_lzss
	index: 1, handler: __TI_decompress_none


GLOBAL SYMBOLS: SORTED ALPHABETICALLY BY Name 

address   name                          
-------   ----                          
0000082b  C$$EXIT                       
00000799  GPIODirModeSet                
0000026d  GPIOPadConfigSet              
00000815  GPIOPinRead                   
000007e1  GPIOPinTypeGPIOOutput         
0000081b  GPIOPinWrite                  
00000809  ResetISR                      
000003d9  SysCtlClockSet                
00000821  SysCtlDelay                   
00000731  SysCtlPeripheralEnable        
20000200  __STACK_END                   
00000200  __STACK_SIZE                  
20000200  __STACK_TOP                   
00000850  __TI_CINIT_Base               
00000858  __TI_CINIT_Limit              
00000840  __TI_Handler_Table_Base       
00000848  __TI_Handler_Table_Limit      
000006b5  __TI_auto_init_nobinit_nopinit
0000064d  __TI_decompress_lzss          
000007fb  __TI_decompress_none          
ffffffff  __TI_pprof_out_hndl           
ffffffff  __TI_prof_data_size           
ffffffff  __TI_prof_data_start          
00000000  __TI_static_base__            
000004cd  __aeabi_memcpy                
000004cd  __aeabi_memcpy4               
000004cd  __aeabi_memcpy8               
ffffffff  __binit__                     
ffffffff  __c_args__                    
UNDEFED   __mpu_init                    
20000000  __stack                       
20000000  __start___llvm_prf_cnts       
20000000  __stop___llvm_prf_cnts        
00000765  _c_int00_noargs               
UNDEFED   _system_post_cinit            
00000827  _system_pre_init              
0000082b  abort                         
ffffffff  binit                         
00000000  g_pfnVectors                  
0000070b  ledControl                    
000006f9  ledInit                       
00000830  ledPin                        
000005e1  ledRedStateMachineUpdate      
000007c5  main                          
000004cd  memcpy                        
0000058f  switchInit                    
00000569  switchState                   


GLOBAL SYMBOLS: SORTED BY Symbol Address 

address   name                          
-------   ----                          
00000000  __TI_static_base__            
00000000  g_pfnVectors                  
00000200  __STACK_SIZE                  
0000026d  GPIOPadConfigSet              
000003d9  SysCtlClockSet                
000004cd  __aeabi_memcpy                
000004cd  __aeabi_memcpy4               
000004cd  __aeabi_memcpy8               
000004cd  memcpy                        
00000569  switchState                   
0000058f  switchInit                    
000005e1  ledRedStateMachineUpdate      
0000064d  __TI_decompress_lzss          
000006b5  __TI_auto_init_nobinit_nopinit
000006f9  ledInit                       
0000070b  ledControl                    
00000731  SysCtlPeripheralEnable        
00000765  _c_int00_noargs               
00000799  GPIODirModeSet                
000007c5  main                          
000007e1  GPIOPinTypeGPIOOutput         
000007fb  __TI_decompress_none          
00000809  ResetISR                      
00000815  GPIOPinRead                   
0000081b  GPIOPinWrite                  
00000821  SysCtlDelay                   
00000827  _system_pre_init              
0000082b  C$$EXIT                       
0000082b  abort                         
00000830  ledPin                        
00000840  __TI_Handler_Table_Base       
00000848  __TI_Handler_Table_Limit      
00000850  __TI_CINIT_Base               
00000858  __TI_CINIT_Limit              
20000000  __stack                       
20000000  __start___llvm_prf_cnts       
20000000  __stop___llvm_prf_cnts        
20000200  __STACK_END                   
20000200  __STACK_TOP                   
ffffffff  __TI_pprof_out_hndl           
ffffffff  __TI_prof_data_size           
ffffffff  __TI_prof_data_start          
ffffffff  __binit__                     
ffffffff  __c_args__                    
ffffffff  binit                         
UNDEFED   __mpu_init                    
UNDEFED   _system_post_cinit            

[47 symbols]
