******************************************************************************
                  TI ARM Linker PC v20.2.7                     
******************************************************************************
>> Linked Sat Feb 11 00:08:24 2023

OUTPUT FILE NAME:   <example6_cmdline.out>
ENTRY POINT SYMBOL: "_c_int00_noargs"  address: 00000ec1


MEMORY CONFIGURATION

         name            origin    length      used     unused   attr    fill
----------------------  --------  ---------  --------  --------  ----  --------
  FLASH                 00000000   00040000  0000129a  0003ed66  R  X
  SRAM                  20000000   00008000  000002e0  00007d20  RW X


SEGMENT ALLOCATION MAP

run origin  load origin   length   init length attrs members
----------  ----------- ---------- ----------- ----- -------
00000000    00000000    000012a0   000012a0    r-x
  00000000    00000000    0000026c   0000026c    r-- .intvecs
  0000026c    0000026c    00000dea   00000dea    r-x .text
  00001058    00001058    000001dc   000001dc    r-- .const
  00001238    00001238    00000068   00000068    r-- .cinit
20000000    20000000    000002e0   00000000    rw-
  20000000    20000000    00000200   00000000    rw- .stack
  20000200    20000200    000000bc   00000000    rw- .data
  200002bc    200002bc    00000024   00000000    rw- .bss


SECTION ALLOCATION MAP

 output                                  attributes/
section   page    origin      length       input sections
--------  ----  ----------  ----------   ----------------
.intvecs   0    00000000    0000026c     
                  00000000    0000026c     tm4c123gh6pm_startup_ccs.obj (.intvecs)

.text      0    0000026c    00000dea     
                  0000026c    0000030c     uartstdio.obj (.text)
                  00000578    00000188     command.obj (.text)
                  00000700    0000016c     driverlib.lib : gpio.obj (.text:GPIOPadConfigSet)
                  0000086c    00000118                   : sysctl.obj (.text:SysCtlClockGet)
                  00000984    000000f4                   : sysctl.obj (.text:SysCtlClockSet)
                  00000a78    000000f4     main.obj (.text)
                  00000b6c    0000009c     rtsv7M4_T_le_v4SPD16_eabi.lib : memcpy_t2.asm.obj (.text)
                  00000c08    00000068     driverlib.lib : interrupt.obj (.text:IntEnable)
                  00000c70    00000068     rtsv7M4_T_le_v4SPD16_eabi.lib : copy_decompress_lzss.c.obj (.text:decompress:lzss:__TI_decompress_lzss)
                  00000cd8    00000064     cmdline.obj (.text)
                  00000d3c    0000004c     driverlib.lib : gpio.obj (.text:GPIOPinConfigure)
                  00000d88    00000046                   : uart.obj (.text:UARTConfigSetExpClk)
                  00000dce    00000002     rtsv7M4_T_le_v4SPD16_eabi.lib : div0.asm.obj (.text)
                  00000dd0    00000044                                   : autoinit.c.obj (.text:__TI_auto_init_nobinit_nopinit:__TI_auto_init_nobinit_nopinit)
                  00000e14    00000040                                   : u_divt2.asm.obj (.text)
                  00000e54    00000038     driverlib.lib : sysctl.obj (.text:SysCtlPeripheralPresent)
                  00000e8c    00000034                   : sysctl.obj (.text:SysCtlPeripheralEnable)
                  00000ec0    00000034     rtsv7M4_T_le_v4SPD16_eabi.lib : boot_cortex_m.c.obj (.text:_c_int00_noargs:_c_int00_noargs)
                  00000ef4    0000002c     driverlib.lib : gpio.obj (.text:GPIODirModeSet)
                  00000f20    00000020                   : uart.obj (.text:UARTDisable)
                  00000f40    0000001c     rtsv7M4_T_le_v4SPD16_eabi.lib : copy_zero_init.c.obj (.text:decompress:ZI:__TI_zero_init_nomemset:__TI_zero_init_nomemset)
                  00000f5c    0000001a     driverlib.lib : gpio.obj (.text:GPIOPinTypeGPIOOutput)
                  00000f76    00000018     rtsv7M4_T_le_v4SPD16_eabi.lib : strcmp.c.obj (.text:strcmp)
                  00000f8e    00000016     driverlib.lib : gpio.obj (.text:GPIOPinTypeUART)
                  00000fa4    00000014                   : uart.obj (.text:UARTEnable)
                  00000fb8    00000010                   : interrupt.obj (.text:IntMasterEnable)
                  00000fc8    0000000e                   : uart.obj (.text:UARTCharGetNonBlocking)
                  00000fd6    0000000e                   : uart.obj (.text:UARTCharPutNonBlocking)
                  00000fe4    0000000e                   : uart.obj (.text:UARTCharsAvail)
                  00000ff2    0000000e     rtsv7M4_T_le_v4SPD16_eabi.lib : copy_decompress_none.c.obj (.text:decompress:none:__TI_decompress_none)
                  00001000    0000000c     driverlib.lib : cpu.obj (.text:CPUcpsie)
                  0000100c    0000000c     tm4c123gh6pm_startup_ccs.obj (.text)
                  00001018    0000000a     driverlib.lib : uart.obj (.text:UARTCharGet)
                  00001022    0000000a                   : uart.obj (.text:UARTCharPut)
                  0000102c    0000000a                   : uart.obj (.text:UARTIntStatus)
                  00001036    00000008                   : uart.obj (.text:UARTIntEnable)
                  0000103e    00000006                   : sysctl.obj (.text:SysCtlDelay)
                  00001044    00000006                   : uart.obj (.text:UARTClockSourceSet)
                  0000104a    00000004                   : uart.obj (.text:UARTIntClear)
                  0000104e    00000004     rtsv7M4_T_le_v4SPD16_eabi.lib : pre_init.c.obj (.text:_system_pre_init)
                  00001052    00000004                                   : exit.c.obj (.text:abort:abort)

.const     0    00001058    000001dc     
                  00001058    000000b4     command.obj (.const:.string)
                  0000110c    00000090     driverlib.lib : gpio.obj (.const:g_pui32GPIOBaseAddrs)
                  0000119c    0000006c                   : sysctl.obj (.const:g_pui32Xtals)
                  00001208    00000018     uartstdio.obj (.const:$O2$$)
                  00001220    00000014     driverlib.lib : interrupt.obj (.const:g_pui32EnRegs)

.cinit     0    00001238    00000068     
                  00001238    0000003e     (.cinit..data.load) [load image, compression = lzss]
                  00001276    00000002     --HOLE-- [fill = 0]
                  00001278    0000000c     (__TI_handler_table)
                  00001284    00000004     --HOLE-- [fill = 0]
                  00001288    00000008     (.cinit..bss.load) [load image, compression = zero_init]
                  00001290    00000010     (__TI_cinit_table)

.init_array 
*          0    00000000    00000000     UNINITIALIZED

.data      0    20000200    000000bc     UNINITIALIZED
                  20000200    000000b4     command.obj (.data:$O1$$)
                  200002b4    00000008     uartstdio.obj (.data:$O1$$)

.bss       0    200002bc    00000024     UNINITIALIZED
                  200002bc    00000024     cmdline.obj (.bss:g_ppcArgv)

.stack     0    20000000    00000200     UNINITIALIZED
                  20000000    00000004     rtsv7M4_T_le_v4SPD16_eabi.lib : boot_cortex_m.c.obj (.stack)
                  20000004    000001fc     --HOLE--

__llvm_prf_cnts 
*          0    20000000    00000000     UNINITIALIZED

MODULE SUMMARY

       Module                         code   ro data   rw data
       ------                         ----   -------   -------
    .\
       uartstdio.obj                  780    24        8      
       command.obj                    392    180       180    
       tm4c123gh6pm_startup_ccs.obj   12     620       0      
       main.obj                       244    0         0      
       cmdline.obj                    100    0         36     
    +--+------------------------------+------+---------+---------+
       Total:                         1528   824       224    
                                                              
    C:/ti/TivaWare_C_Series-2.2.0.295/driverlib/ccs/Debug/driverlib.lib
       sysctl.obj                     638    108       0      
       gpio.obj                       532    144       0      
       uart.obj                       212    0         0      
       interrupt.obj                  120    20        0      
       cpu.obj                        12     0         0      
    +--+------------------------------+------+---------+---------+
       Total:                         1514   272       0      
                                                              
    C:\ti\ccs1220\ccs\tools\compiler\ti-cgt-arm_20.2.7.LTS\lib\rtsv7M4_T_le_v4SPD16_eabi.lib
       memcpy_t2.asm.obj              156    0         0      
       copy_decompress_lzss.c.obj     104    0         0      
       autoinit.c.obj                 68     0         0      
       u_divt2.asm.obj                64     0         0      
       boot_cortex_m.c.obj            52     0         0      
       copy_zero_init.c.obj           28     0         0      
       strcmp.c.obj                   24     0         0      
       copy_decompress_none.c.obj     14     0         0      
       exit.c.obj                     4      0         0      
       pre_init.c.obj                 4      0         0      
       div0.asm.obj                   2      0         0      
    +--+------------------------------+------+---------+---------+
       Total:                         520    0         0      
                                                              
       Stack:                         0      0         512    
       Linker Generated:              0      98        0      
    +--+------------------------------+------+---------+---------+
       Grand Total:                   3562   1194      736    


LINKER GENERATED COPY TABLES

__TI_cinit_table @ 00001290 records: 2, size/record: 8, table size: 16
	.data: load addr=00001238, load size=0000003e bytes, run addr=20000200, run size=000000bc bytes, compression=lzss
	.bss: load addr=00001288, load size=00000008 bytes, run addr=200002bc, run size=00000024 bytes, compression=zero_init


LINKER GENERATED HANDLER TABLE

__TI_handler_table @ 00001278 records: 3, size/record: 4, table size: 12
	index: 0, handler: __TI_decompress_lzss
	index: 1, handler: __TI_decompress_none
	index: 2, handler: __TI_zero_init


GLOBAL SYMBOLS: SORTED ALPHABETICALLY BY Name 

address   name                          
-------   ----                          
00001053  C$$EXIT                       
UNDEFED   CHAR2TOBIN                    
UNDEFED   CHARTOBIN                     
00001001  CPUcpsie                      
00000cd9  CmdLineProcess                
00000691  Cmd_help                      
00000ef5  GPIODirModeSet                
00000701  GPIOPadConfigSet              
00000d3d  GPIOPinConfigure              
00000f5d  GPIOPinTypeGPIOOutput         
00000f8f  GPIOPinTypeUART               
00000a79  InitConsole                   
00000c09  IntEnable                     
00000fb9  IntMasterEnable               
0000100d  ResetISR                      
0000086d  SysCtlClockGet                
00000985  SysCtlClockSet                
0000103f  SysCtlDelay                   
00000e8d  SysCtlPeripheralEnable        
00000e55  SysCtlPeripheralPresent       
00001019  UARTCharGet                   
00000fc9  UARTCharGetNonBlocking        
00001023  UARTCharPut                   
00000fd7  UARTCharPutNonBlocking        
00000fe5  UARTCharsAvail                
00001045  UARTClockSourceSet            
00000d89  UARTConfigSetExpClk           
00000f21  UARTDisable                   
00000fa5  UARTEnable                    
0000104b  UARTIntClear                  
00001037  UARTIntEnable                 
0000063d  UARTIntHandler                
0000102d  UARTIntStatus                 
00000505  UARTStdioConfig               
000004f7  UARTgetc                      
00000487  UARTgets                      
0000046d  UARTprintf                    
0000029f  UARTvprintf                   
0000026d  UARTwrite                     
20000200  __STACK_END                   
00000200  __STACK_SIZE                  
20000200  __STACK_TOP                   
00001290  __TI_CINIT_Base               
000012a0  __TI_CINIT_Limit              
00001278  __TI_Handler_Table_Base       
00001284  __TI_Handler_Table_Limit      
00000dd1  __TI_auto_init_nobinit_nopinit
00000c71  __TI_decompress_lzss          
00000ff3  __TI_decompress_none          
ffffffff  __TI_pprof_out_hndl           
ffffffff  __TI_prof_data_size           
ffffffff  __TI_prof_data_start          
00000000  __TI_static_base__            
00000f41  __TI_zero_init_nomemset       
00000dcf  __aeabi_idiv0                 
00000dcf  __aeabi_ldiv0                 
00000b6d  __aeabi_memcpy                
00000b6d  __aeabi_memcpy4               
00000b6d  __aeabi_memcpy8               
00000e15  __aeabi_uidiv                 
00000e15  __aeabi_uidivmod              
ffffffff  __binit__                     
ffffffff  __c_args__                    
UNDEFED   __mpu_init                    
20000000  __stack                       
20000000  __start___llvm_prf_cnts       
20000000  __stop___llvm_prf_cnts        
00000ec1  _c_int00_noargs               
UNDEFED   _system_post_cinit            
0000104f  _system_pre_init              
00001053  abort                         
ffffffff  binit                         
UNDEFED   broadcastADCOutput            
20000250  commandBuffer                 
20000200  commandBufferIndex            
000005f1  controlRelay                  
00000000  g_pfnVectors                  
UNDEFED   g_psCmdTable                  
20000208  g_sCmdTable                   
20000204  gotCommandFlag                
00000ab5  main                          
00000b6d  memcpy                        
UNDEFED   my_strcmp                     
UNDEFED   offRelay                      
UNDEFED   onRelay                       
UNDEFED   setADCChannel                 
000005d9  setAllLight                   
000005b3  setLight                      
00000579  setRGBLED                     
00000f77  strcmp                        
UNDEFED   update_color                  


GLOBAL SYMBOLS: SORTED BY Symbol Address 

address   name                          
-------   ----                          
00000000  __TI_static_base__            
00000000  g_pfnVectors                  
00000200  __STACK_SIZE                  
0000026d  UARTwrite                     
0000029f  UARTvprintf                   
0000046d  UARTprintf                    
00000487  UARTgets                      
000004f7  UARTgetc                      
00000505  UARTStdioConfig               
00000579  setRGBLED                     
000005b3  setLight                      
000005d9  setAllLight                   
000005f1  controlRelay                  
0000063d  UARTIntHandler                
00000691  Cmd_help                      
00000701  GPIOPadConfigSet              
0000086d  SysCtlClockGet                
00000985  SysCtlClockSet                
00000a79  InitConsole                   
00000ab5  main                          
00000b6d  __aeabi_memcpy                
00000b6d  __aeabi_memcpy4               
00000b6d  __aeabi_memcpy8               
00000b6d  memcpy                        
00000c09  IntEnable                     
00000c71  __TI_decompress_lzss          
00000cd9  CmdLineProcess                
00000d3d  GPIOPinConfigure              
00000d89  UARTConfigSetExpClk           
00000dcf  __aeabi_idiv0                 
00000dcf  __aeabi_ldiv0                 
00000dd1  __TI_auto_init_nobinit_nopinit
00000e15  __aeabi_uidiv                 
00000e15  __aeabi_uidivmod              
00000e55  SysCtlPeripheralPresent       
00000e8d  SysCtlPeripheralEnable        
00000ec1  _c_int00_noargs               
00000ef5  GPIODirModeSet                
00000f21  UARTDisable                   
00000f41  __TI_zero_init_nomemset       
00000f5d  GPIOPinTypeGPIOOutput         
00000f77  strcmp                        
00000f8f  GPIOPinTypeUART               
00000fa5  UARTEnable                    
00000fb9  IntMasterEnable               
00000fc9  UARTCharGetNonBlocking        
00000fd7  UARTCharPutNonBlocking        
00000fe5  UARTCharsAvail                
00000ff3  __TI_decompress_none          
00001001  CPUcpsie                      
0000100d  ResetISR                      
00001019  UARTCharGet                   
00001023  UARTCharPut                   
0000102d  UARTIntStatus                 
00001037  UARTIntEnable                 
0000103f  SysCtlDelay                   
00001045  UARTClockSourceSet            
0000104b  UARTIntClear                  
0000104f  _system_pre_init              
00001053  C$$EXIT                       
00001053  abort                         
00001278  __TI_Handler_Table_Base       
00001284  __TI_Handler_Table_Limit      
00001290  __TI_CINIT_Base               
000012a0  __TI_CINIT_Limit              
20000000  __stack                       
20000000  __start___llvm_prf_cnts       
20000000  __stop___llvm_prf_cnts        
20000200  __STACK_END                   
20000200  __STACK_TOP                   
20000200  commandBufferIndex            
20000204  gotCommandFlag                
20000208  g_sCmdTable                   
20000250  commandBuffer                 
ffffffff  __TI_pprof_out_hndl           
ffffffff  __TI_prof_data_size           
ffffffff  __TI_prof_data_start          
ffffffff  __binit__                     
ffffffff  __c_args__                    
ffffffff  binit                         
UNDEFED   CHAR2TOBIN                    
UNDEFED   CHARTOBIN                     
UNDEFED   __mpu_init                    
UNDEFED   _system_post_cinit            
UNDEFED   broadcastADCOutput            
UNDEFED   g_psCmdTable                  
UNDEFED   my_strcmp                     
UNDEFED   offRelay                      
UNDEFED   onRelay                       
UNDEFED   setADCChannel                 
UNDEFED   update_color                  

[91 symbols]
