******************************************************************************
                  TI ARM Linker PC v20.2.6                     
******************************************************************************
>> Linked Tue Oct 11 22:06:15 2022

OUTPUT FILE NAME:   <example6_cmdline.out>
ENTRY POINT SYMBOL: "_c_int00_noargs"  address: 0000108d


MEMORY CONFIGURATION

         name            origin    length      used     unused   attr    fill
----------------------  --------  ---------  --------  --------  ----  --------
  FLASH                 00000000   00040000  0000142e  0003ebd2  R  X
  SRAM                  20000000   00008000  000002b9  00007d47  RW X


SEGMENT ALLOCATION MAP

run origin  load origin   length   init length attrs members
----------  ----------- ---------- ----------- ----- -------
00000000    00000000    00001430   00001430    r-x
  00000000    00000000    0000026c   0000026c    r-- .intvecs
  0000026c    0000026c    00000f9e   00000f9e    r-x .text
  0000120c    0000120c    000001f4   000001f4    r-- .const
  00001400    00001400    00000030   00000030    r-- .cinit
20000000    20000000    000002b9   00000000    rw-
  20000000    20000000    00000200   00000000    rw- .stack
  20000200    20000200    00000064   00000000    rw- .bss
  20000264    20000264    00000055   00000000    rw- .data


SECTION ALLOCATION MAP

 output                                  attributes/
section   page    origin      length       input sections
--------  ----  ----------  ----------   ----------------
.intvecs   0    00000000    0000026c     
                  00000000    0000026c     tm4c123gh6pm_startup_ccs.obj (.intvecs)

.text      0    0000026c    00000f9e     
                  0000026c    0000049c     uartstdio.obj (.text)
                  00000708    000001f0     command.obj (.text)
                  000008f8    0000016c     driverlib.lib : gpio.obj (.text:GPIOPadConfigSet)
                  00000a64    0000012c     main.obj (.text)
                  00000b90    00000118     driverlib.lib : sysctl.obj (.text:SysCtlClockGet)
                  00000ca8    000000f4                   : sysctl.obj (.text:SysCtlClockSet)
                  00000d9c    0000009c     rtsv7M4_T_le_v4SPD16_eabi.lib : memcpy_t2.asm.obj (.text)
                  00000e38    00000068     driverlib.lib : interrupt.obj (.text:IntEnable)
                  00000ea0    00000068     rtsv7M4_T_le_v4SPD16_eabi.lib : copy_decompress_lzss.c.obj (.text:decompress:lzss:__TI_decompress_lzss)
                  00000f08    0000004c     driverlib.lib : gpio.obj (.text:GPIOPinConfigure)
                  00000f54    00000046                   : uart.obj (.text:UARTConfigSetExpClk)
                  00000f9a    00000002     rtsv7M4_T_le_v4SPD16_eabi.lib : div0.asm.obj (.text)
                  00000f9c    00000044                                   : autoinit.c.obj (.text:__TI_auto_init_nobinit_nopinit:__TI_auto_init_nobinit_nopinit)
                  00000fe0    00000040                                   : u_divt2.asm.obj (.text)
                  00001020    00000038     driverlib.lib : sysctl.obj (.text:SysCtlPeripheralPresent)
                  00001058    00000034                   : sysctl.obj (.text:SysCtlPeripheralEnable)
                  0000108c    00000034     rtsv7M4_T_le_v4SPD16_eabi.lib : boot_cortex_m.c.obj (.text:_c_int00_noargs:_c_int00_noargs)
                  000010c0    0000002c     driverlib.lib : gpio.obj (.text:GPIODirModeSet)
                  000010ec    00000020                   : uart.obj (.text:UARTDisable)
                  0000110c    0000001c     rtsv7M4_T_le_v4SPD16_eabi.lib : copy_zero_init.c.obj (.text:decompress:ZI:__TI_zero_init_nomemset:__TI_zero_init_nomemset)
                  00001128    0000001a     driverlib.lib : gpio.obj (.text:GPIOPinTypeGPIOOutput)
                  00001142    00000016                   : gpio.obj (.text:GPIOPinTypeUART)
                  00001158    00000014                   : uart.obj (.text:UARTEnable)
                  0000116c    00000010                   : interrupt.obj (.text:IntMasterEnable)
                  0000117c    0000000e                   : uart.obj (.text:UARTCharGetNonBlocking)
                  0000118a    0000000e                   : uart.obj (.text:UARTCharPutNonBlocking)
                  00001198    0000000e                   : uart.obj (.text:UARTCharsAvail)
                  000011a6    0000000e     rtsv7M4_T_le_v4SPD16_eabi.lib : copy_decompress_none.c.obj (.text:decompress:none:__TI_decompress_none)
                  000011b4    0000000c     driverlib.lib : cpu.obj (.text:CPUcpsie)
                  000011c0    0000000c     tm4c123gh6pm_startup_ccs.obj (.text)
                  000011cc    0000000a     driverlib.lib : uart.obj (.text:UARTCharGet)
                  000011d6    0000000a                   : uart.obj (.text:UARTCharPut)
                  000011e0    0000000a                   : uart.obj (.text:UARTIntStatus)
                  000011ea    00000008                   : uart.obj (.text:UARTIntEnable)
                  000011f2    00000006                   : gpio.obj (.text:GPIOPinWrite)
                  000011f8    00000006                   : sysctl.obj (.text:SysCtlDelay)
                  000011fe    00000004                   : uart.obj (.text:UARTIntClear)
                  00001202    00000004     rtsv7M4_T_le_v4SPD16_eabi.lib : pre_init.c.obj (.text:_system_pre_init)
                  00001206    00000004                                   : exit.c.obj (.text:abort:abort)

.const     0    0000120c    000001f4     
                  0000120c    000000b4     command.obj (.const:.string)
                  000012c0    00000090     driverlib.lib : gpio.obj (.const:g_pui32GPIOBaseAddrs)
                  00001350    0000006c                   : sysctl.obj (.const:g_pui32Xtals)
                  000013bc    00000014                   : interrupt.obj (.const:g_pui32EnRegs)
                  000013d0    00000012     uartstdio.obj (.const:.string)
                  000013e2    00000002     --HOLE-- [fill = 0]
                  000013e4    0000000c     uartstdio.obj (.const:g_ui32UARTBase)
                  000013f0    0000000c     uartstdio.obj (.const:g_ui32UARTPeriph)
                  000013fc    00000004     uartstdio.obj (.const)

.cinit     0    00001400    00000030     
                  00001400    0000000c     (__TI_handler_table)
                  0000140c    00000004     --HOLE-- [fill = 0]
                  00001410    00000008     (.cinit..bss.load) [load image, compression = zero_init]
                  00001418    00000008     (.cinit..data.load) [load image, compression = lzss]
                  00001420    00000010     (__TI_cinit_table)

.init_array 
*          0    00000000    00000000     UNINITIALIZED

.bss       0    20000200    00000064     UNINITIALIZED
                  20000200    00000064     (.common:commandBuffer)

.data      0    20000264    00000055     UNINITIALIZED
                  20000264    00000048     command.obj (.data:g_sCmdTable)
                  200002ac    00000008     command.obj (.data)
                  200002b4    00000005     uartstdio.obj (.data)

.stack     0    20000000    00000200     UNINITIALIZED
                  20000000    00000004     rtsv7M4_T_le_v4SPD16_eabi.lib : boot_cortex_m.c.obj (.stack)
                  20000004    000001fc     --HOLE--

__llvm_prf_cnts 
*          0    20000000    00000000     UNINITIALIZED

MODULE SUMMARY

       Module                         code   ro data   rw data
       ------                         ----   -------   -------
    .\
       uartstdio.obj                  1180   46        5      
       command.obj                    496    180       180    
       tm4c123gh6pm_startup_ccs.obj   12     620       0      
       main.obj                       300    0         0      
    +--+------------------------------+------+---------+---------+
       Total:                         1988   846       185    
                                                              
    C:/ti/TivaWare_C_Series-2.2.0.295/driverlib/ccs/Debug/driverlib.lib
       sysctl.obj                     638    108       0      
       gpio.obj                       538    144       0      
       uart.obj                       206    0         0      
       interrupt.obj                  120    20        0      
       cpu.obj                        12     0         0      
    +--+------------------------------+------+---------+---------+
       Total:                         1514   272       0      
                                                              
    C:\ti\ccs1200\ccs\tools\compiler\ti-cgt-arm_20.2.6.LTS\lib\rtsv7M4_T_le_v4SPD16_eabi.lib
       memcpy_t2.asm.obj              156    0         0      
       copy_decompress_lzss.c.obj     104    0         0      
       autoinit.c.obj                 68     0         0      
       u_divt2.asm.obj                64     0         0      
       boot_cortex_m.c.obj            52     0         0      
       copy_zero_init.c.obj           28     0         0      
       copy_decompress_none.c.obj     14     0         0      
       exit.c.obj                     4      0         0      
       pre_init.c.obj                 4      0         0      
       div0.asm.obj                   2      0         0      
    +--+------------------------------+------+---------+---------+
       Total:                         496    0         0      
                                                              
       Stack:                         0      0         512    
       Linker Generated:              0      44        0      
    +--+------------------------------+------+---------+---------+
       Grand Total:                   3998   1162      697    


LINKER GENERATED COPY TABLES

__TI_cinit_table @ 00001420 records: 2, size/record: 8, table size: 16
	.bss: load addr=00001410, load size=00000008 bytes, run addr=20000200, run size=00000064 bytes, compression=zero_init
	.data: load addr=00001418, load size=00000008 bytes, run addr=20000264, run size=00000055 bytes, compression=lzss


LINKER GENERATED HANDLER TABLE

__TI_handler_table @ 00001400 records: 3, size/record: 4, table size: 12
	index: 0, handler: __TI_decompress_lzss
	index: 1, handler: __TI_decompress_none
	index: 2, handler: __TI_zero_init


GLOBAL SYMBOLS: SORTED ALPHABETICALLY BY Name 

address   name                          
-------   ----                          
00001207  C$$EXIT                       
UNDEFED   CHAR2TOBIN                    
UNDEFED   CHARTOBIN                     
000011b5  CPUcpsie                      
0000076d  Cmd_help                      
000010c1  GPIODirModeSet                
000008f9  GPIOPadConfigSet              
00000f09  GPIOPinConfigure              
00001129  GPIOPinTypeGPIOOutput         
00001143  GPIOPinTypeUART               
000011f3  GPIOPinWrite                  
00000e39  IntEnable                     
0000116d  IntMasterEnable               
000011c1  ResetISR                      
00000b91  SysCtlClockGet                
00000ca9  SysCtlClockSet                
000011f9  SysCtlDelay                   
00001059  SysCtlPeripheralEnable        
00001021  SysCtlPeripheralPresent       
000011cd  UARTCharGet                   
0000117d  UARTCharGetNonBlocking        
000011d7  UARTCharPut                   
0000118b  UARTCharPutNonBlocking        
00001199  UARTCharsAvail                
00000f55  UARTConfigSetExpClk           
000010ed  UARTDisable                   
00001159  UARTEnable                    
000011ff  UARTIntClear                  
000011eb  UARTIntEnable                 
00000709  UARTIntHandler                
000011e1  UARTIntStatus                 
0000026d  UARTStdioConfig               
000003b3  UARTgetc                      
000002f9  UARTgets                      
000006d3  UARTprintf                    
000003d9  UARTvprintf                   
000002b3  UARTwrite                     
20000200  __STACK_END                   
00000200  __STACK_SIZE                  
20000200  __STACK_TOP                   
00001420  __TI_CINIT_Base               
00001430  __TI_CINIT_Limit              
00001400  __TI_Handler_Table_Base       
0000140c  __TI_Handler_Table_Limit      
00000f9d  __TI_auto_init_nobinit_nopinit
00000ea1  __TI_decompress_lzss          
000011a7  __TI_decompress_none          
ffffffff  __TI_pprof_out_hndl           
ffffffff  __TI_prof_data_size           
ffffffff  __TI_prof_data_start          
00000000  __TI_static_base__            
0000110d  __TI_zero_init_nomemset       
00000f9b  __aeabi_idiv0                 
00000f9b  __aeabi_ldiv0                 
00000d9d  __aeabi_memcpy                
00000d9d  __aeabi_memcpy4               
00000d9d  __aeabi_memcpy8               
00000fe1  __aeabi_uidiv                 
00000fe1  __aeabi_uidivmod              
ffffffff  __binit__                     
ffffffff  __c_args__                    
UNDEFED   __mpu_init                    
20000000  __stack                       
20000000  __start___llvm_prf_cnts       
20000000  __stop___llvm_prf_cnts        
0000108d  _c_int00_noargs               
UNDEFED   _system_post_cinit            
00001203  _system_pre_init              
00001207  abort                         
ffffffff  binit                         
UNDEFED   broadcastADCOutput            
20000200  commandBuffer                 
200002ac  commandBufferIndex            
00000839  controlRelay                  
00000000  g_pfnVectors                  
20000264  g_sCmdTable                   
200002b0  gotCommandFlag                
00000ab9  main                          
00000d9d  memcpy                        
UNDEFED   my_strcmp                     
UNDEFED   offRelay                      
UNDEFED   onRelay                       
UNDEFED   setADCChannel                 
00000819  setAllLight                   
000007eb  setLight                      
000007a5  setRGBLED                     
UNDEFED   update_color                  


GLOBAL SYMBOLS: SORTED BY Symbol Address 

address   name                          
-------   ----                          
00000000  __TI_static_base__            
00000000  g_pfnVectors                  
00000200  __STACK_SIZE                  
0000026d  UARTStdioConfig               
000002b3  UARTwrite                     
000002f9  UARTgets                      
000003b3  UARTgetc                      
000003d9  UARTvprintf                   
000006d3  UARTprintf                    
00000709  UARTIntHandler                
0000076d  Cmd_help                      
000007a5  setRGBLED                     
000007eb  setLight                      
00000819  setAllLight                   
00000839  controlRelay                  
000008f9  GPIOPadConfigSet              
00000ab9  main                          
00000b91  SysCtlClockGet                
00000ca9  SysCtlClockSet                
00000d9d  __aeabi_memcpy                
00000d9d  __aeabi_memcpy4               
00000d9d  __aeabi_memcpy8               
00000d9d  memcpy                        
00000e39  IntEnable                     
00000ea1  __TI_decompress_lzss          
00000f09  GPIOPinConfigure              
00000f55  UARTConfigSetExpClk           
00000f9b  __aeabi_idiv0                 
00000f9b  __aeabi_ldiv0                 
00000f9d  __TI_auto_init_nobinit_nopinit
00000fe1  __aeabi_uidiv                 
00000fe1  __aeabi_uidivmod              
00001021  SysCtlPeripheralPresent       
00001059  SysCtlPeripheralEnable        
0000108d  _c_int00_noargs               
000010c1  GPIODirModeSet                
000010ed  UARTDisable                   
0000110d  __TI_zero_init_nomemset       
00001129  GPIOPinTypeGPIOOutput         
00001143  GPIOPinTypeUART               
00001159  UARTEnable                    
0000116d  IntMasterEnable               
0000117d  UARTCharGetNonBlocking        
0000118b  UARTCharPutNonBlocking        
00001199  UARTCharsAvail                
000011a7  __TI_decompress_none          
000011b5  CPUcpsie                      
000011c1  ResetISR                      
000011cd  UARTCharGet                   
000011d7  UARTCharPut                   
000011e1  UARTIntStatus                 
000011eb  UARTIntEnable                 
000011f3  GPIOPinWrite                  
000011f9  SysCtlDelay                   
000011ff  UARTIntClear                  
00001203  _system_pre_init              
00001207  C$$EXIT                       
00001207  abort                         
00001400  __TI_Handler_Table_Base       
0000140c  __TI_Handler_Table_Limit      
00001420  __TI_CINIT_Base               
00001430  __TI_CINIT_Limit              
20000000  __stack                       
20000000  __start___llvm_prf_cnts       
20000000  __stop___llvm_prf_cnts        
20000200  __STACK_END                   
20000200  __STACK_TOP                   
20000200  commandBuffer                 
20000264  g_sCmdTable                   
200002ac  commandBufferIndex            
200002b0  gotCommandFlag                
ffffffff  __TI_pprof_out_hndl           
ffffffff  __TI_prof_data_size           
ffffffff  __TI_prof_data_start          
ffffffff  __binit__                     
ffffffff  __c_args__                    
ffffffff  binit                         
UNDEFED   CHAR2TOBIN                    
UNDEFED   CHARTOBIN                     
UNDEFED   __mpu_init                    
UNDEFED   _system_post_cinit            
UNDEFED   broadcastADCOutput            
UNDEFED   my_strcmp                     
UNDEFED   offRelay                      
UNDEFED   onRelay                       
UNDEFED   setADCChannel                 
UNDEFED   update_color                  

[87 symbols]
