******************************************************************************
                  TI ARM Linker PC v20.2.7                     
******************************************************************************
>> Linked Fri Feb 10 23:57:48 2023

OUTPUT FILE NAME:   <example5_systick.out>
ENTRY POINT SYMBOL: "_c_int00_noargs"  address: 00000c69


MEMORY CONFIGURATION

         name            origin    length      used     unused   attr    fill
----------------------  --------  ---------  --------  --------  ----  --------
  FLASH                 00000000   00040000  00000ed6  0003f12a  R  X
  SRAM                  20000000   00008000  0000020c  00007df4  RW X


SEGMENT ALLOCATION MAP

run origin  load origin   length   init length attrs members
----------  ----------- ---------- ----------- ----- -------
00000000    00000000    00000ed8   00000ed8    r-x
  00000000    00000000    0000026c   0000026c    r-- .intvecs
  0000026c    0000026c    00000b3e   00000b3e    r-x .text
  00000dac    00000dac    00000114   00000114    r-- .const
  00000ec0    00000ec0    00000018   00000018    r-- .cinit
20000000    20000000    0000020c   00000000    rw-
  20000000    20000000    00000200   00000000    rw- .stack
  20000200    20000200    0000000c   00000000    rw- .data


SECTION ALLOCATION MAP

 output                                  attributes/
section   page    origin      length       input sections
--------  ----  ----------  ----------   ----------------
.intvecs   0    00000000    0000026c     
                  00000000    0000026c     tm4c123gh6pm_startup_ccs.obj (.intvecs)

.text      0    0000026c    00000b3e     
                  0000026c    0000030c     uartstdio.obj (.text)
                  00000578    0000016c     driverlib.lib : gpio.obj (.text:GPIOPadConfigSet)
                  000006e4    00000118                   : sysctl.obj (.text:SysCtlClockGet)
                  000007fc    000000f4                   : sysctl.obj (.text:SysCtlClockSet)
                  000008f0    000000f0     main.obj (.text)
                  000009e0    0000009c     rtsv7M4_T_le_v4SPD16_eabi.lib : memcpy_t2.asm.obj (.text)
                  00000a7c    00000068                                   : copy_decompress_lzss.c.obj (.text:decompress:lzss:__TI_decompress_lzss)
                  00000ae4    0000004c     driverlib.lib : gpio.obj (.text:GPIOPinConfigure)
                  00000b30    00000046                   : uart.obj (.text:UARTConfigSetExpClk)
                  00000b76    00000002     rtsv7M4_T_le_v4SPD16_eabi.lib : div0.asm.obj (.text)
                  00000b78    00000044                                   : autoinit.c.obj (.text:__TI_auto_init_nobinit_nopinit:__TI_auto_init_nobinit_nopinit)
                  00000bbc    00000040                                   : u_divt2.asm.obj (.text)
                  00000bfc    00000038     driverlib.lib : sysctl.obj (.text:SysCtlPeripheralPresent)
                  00000c34    00000034                   : sysctl.obj (.text:SysCtlPeripheralEnable)
                  00000c68    00000034     rtsv7M4_T_le_v4SPD16_eabi.lib : boot_cortex_m.c.obj (.text:_c_int00_noargs:_c_int00_noargs)
                  00000c9c    0000002c     driverlib.lib : gpio.obj (.text:GPIODirModeSet)
                  00000cc8    00000020                   : uart.obj (.text:UARTDisable)
                  00000ce8    00000016                   : gpio.obj (.text:GPIOPinTypeUART)
                  00000cfe    00000002     --HOLE-- [fill = 0]
                  00000d00    00000014                   : systick.obj (.text:SysTickEnable)
                  00000d14    00000014                   : systick.obj (.text:SysTickIntEnable)
                  00000d28    00000014                   : uart.obj (.text:UARTEnable)
                  00000d3c    00000010                   : interrupt.obj (.text:IntMasterEnable)
                  00000d4c    00000010                   : systick.obj (.text:SysTickPeriodSet)
                  00000d5c    0000000e     rtsv7M4_T_le_v4SPD16_eabi.lib : copy_decompress_none.c.obj (.text:decompress:none:__TI_decompress_none)
                  00000d6a    0000000c     driverlib.lib : cpu.obj (.text:CPUcpsie)
                  00000d76    0000000c     tm4c123gh6pm_startup_ccs.obj (.text)
                  00000d82    0000000a     driverlib.lib : uart.obj (.text:UARTCharGet)
                  00000d8c    0000000a                   : uart.obj (.text:UARTCharPut)
                  00000d96    00000006                   : sysctl.obj (.text:SysCtlDelay)
                  00000d9c    00000006                   : uart.obj (.text:UARTClockSourceSet)
                  00000da2    00000004     rtsv7M4_T_le_v4SPD16_eabi.lib : pre_init.c.obj (.text:_system_pre_init)
                  00000da6    00000004                                   : exit.c.obj (.text:abort:abort)

.const     0    00000dac    00000114     
                  00000dac    00000090     driverlib.lib : gpio.obj (.const:g_pui32GPIOBaseAddrs)
                  00000e3c    0000006c                   : sysctl.obj (.const:g_pui32Xtals)
                  00000ea8    00000018     uartstdio.obj (.const:$O2$$)

.cinit     0    00000ec0    00000018     
                  00000ec0    00000008     (__TI_handler_table)
                  00000ec8    00000007     (.cinit..data.load) [load image, compression = lzss]
                  00000ecf    00000001     --HOLE-- [fill = 0]
                  00000ed0    00000008     (__TI_cinit_table)

.init_array 
*          0    00000000    00000000     UNINITIALIZED

.data      0    20000200    0000000c     UNINITIALIZED
                  20000200    00000008     uartstdio.obj (.data:$O1$$)
                  20000208    00000004     main.obj (.data)

.stack     0    20000000    00000200     UNINITIALIZED
                  20000000    00000004     rtsv7M4_T_le_v4SPD16_eabi.lib : boot_cortex_m.c.obj (.stack)
                  20000004    000001fc     --HOLE--

__llvm_prf_cnts 
*          0    20000000    00000000     UNINITIALIZED

MODULE SUMMARY

       Module                         code   ro data   rw data
       ------                         ----   -------   -------
    .\
       uartstdio.obj                  780    24        8      
       tm4c123gh6pm_startup_ccs.obj   12     620       0      
       main.obj                       240    0         4      
    +--+------------------------------+------+---------+---------+
       Total:                         1032   644       12     
                                                              
    C:/ti/TivaWare_C_Series-2.2.0.295/driverlib/ccs/Debug/driverlib.lib
       sysctl.obj                     638    108       0      
       gpio.obj                       506    144       0      
       uart.obj                       148    0         0      
       systick.obj                    56     0         0      
       interrupt.obj                  16     0         0      
       cpu.obj                        12     0         0      
    +--+------------------------------+------+---------+---------+
       Total:                         1376   252       0      
                                                              
    C:\ti\ccs1220\ccs\tools\compiler\ti-cgt-arm_20.2.7.LTS\lib\rtsv7M4_T_le_v4SPD16_eabi.lib
       memcpy_t2.asm.obj              156    0         0      
       copy_decompress_lzss.c.obj     104    0         0      
       autoinit.c.obj                 68     0         0      
       u_divt2.asm.obj                64     0         0      
       boot_cortex_m.c.obj            52     0         0      
       copy_decompress_none.c.obj     14     0         0      
       exit.c.obj                     4      0         0      
       pre_init.c.obj                 4      0         0      
       div0.asm.obj                   2      0         0      
    +--+------------------------------+------+---------+---------+
       Total:                         468    0         0      
                                                              
       Stack:                         0      0         512    
       Linker Generated:              0      23        0      
    +--+------------------------------+------+---------+---------+
       Grand Total:                   2876   919       524    


LINKER GENERATED COPY TABLES

__TI_cinit_table @ 00000ed0 records: 1, size/record: 8, table size: 8
	.data: load addr=00000ec8, load size=00000007 bytes, run addr=20000200, run size=0000000c bytes, compression=lzss


LINKER GENERATED HANDLER TABLE

__TI_handler_table @ 00000ec0 records: 2, size/record: 4, table size: 8
	index: 0, handler: __TI_decompress_lzss
	index: 1, handler: __TI_decompress_none


GLOBAL SYMBOLS: SORTED ALPHABETICALLY BY Name 

address   name                          
-------   ----                          
00000da7  C$$EXIT                       
00000d6b  CPUcpsie                      
00000c9d  GPIODirModeSet                
00000579  GPIOPadConfigSet              
00000ae5  GPIOPinConfigure              
00000ce9  GPIOPinTypeUART               
000008f1  InitConsole                   
00000d3d  IntMasterEnable               
00000d77  ResetISR                      
000006e5  SysCtlClockGet                
000007fd  SysCtlClockSet                
00000d97  SysCtlDelay                   
00000c35  SysCtlPeripheralEnable        
00000bfd  SysCtlPeripheralPresent       
00000d01  SysTickEnable                 
00000d15  SysTickIntEnable              
00000971  SysTickIntHandler             
00000d4d  SysTickPeriodSet              
00000d83  UARTCharGet                   
00000d8d  UARTCharPut                   
00000d9d  UARTClockSourceSet            
00000b31  UARTConfigSetExpClk           
00000cc9  UARTDisable                   
00000d29  UARTEnable                    
00000505  UARTStdioConfig               
000004f7  UARTgetc                      
00000487  UARTgets                      
0000046d  UARTprintf                    
0000029f  UARTvprintf                   
0000026d  UARTwrite                     
20000200  __STACK_END                   
00000200  __STACK_SIZE                  
20000200  __STACK_TOP                   
00000ed0  __TI_CINIT_Base               
00000ed8  __TI_CINIT_Limit              
00000ec0  __TI_Handler_Table_Base       
00000ec8  __TI_Handler_Table_Limit      
00000b79  __TI_auto_init_nobinit_nopinit
00000a7d  __TI_decompress_lzss          
00000d5d  __TI_decompress_none          
ffffffff  __TI_pprof_out_hndl           
ffffffff  __TI_prof_data_size           
ffffffff  __TI_prof_data_start          
00000000  __TI_static_base__            
00000b77  __aeabi_idiv0                 
00000b77  __aeabi_ldiv0                 
000009e1  __aeabi_memcpy                
000009e1  __aeabi_memcpy4               
000009e1  __aeabi_memcpy8               
00000bbd  __aeabi_uidiv                 
00000bbd  __aeabi_uidivmod              
ffffffff  __binit__                     
ffffffff  __c_args__                    
UNDEFED   __mpu_init                    
20000000  __stack                       
20000000  __start___llvm_prf_cnts       
20000000  __stop___llvm_prf_cnts        
00000c69  _c_int00_noargs               
UNDEFED   _system_post_cinit            
00000da3  _system_pre_init              
00000da7  abort                         
ffffffff  binit                         
00000000  g_pfnVectors                  
20000208  g_ui32Counter                 
0000092d  main                          
000009e1  memcpy                        


GLOBAL SYMBOLS: SORTED BY Symbol Address 

address   name                          
-------   ----                          
00000000  __TI_static_base__            
00000000  g_pfnVectors                  
00000200  __STACK_SIZE                  
0000026d  UARTwrite                     
0000029f  UARTvprintf                   
0000046d  UARTprintf                    
00000487  UARTgets                      
000004f7  UARTgetc                      
00000505  UARTStdioConfig               
00000579  GPIOPadConfigSet              
000006e5  SysCtlClockGet                
000007fd  SysCtlClockSet                
000008f1  InitConsole                   
0000092d  main                          
00000971  SysTickIntHandler             
000009e1  __aeabi_memcpy                
000009e1  __aeabi_memcpy4               
000009e1  __aeabi_memcpy8               
000009e1  memcpy                        
00000a7d  __TI_decompress_lzss          
00000ae5  GPIOPinConfigure              
00000b31  UARTConfigSetExpClk           
00000b77  __aeabi_idiv0                 
00000b77  __aeabi_ldiv0                 
00000b79  __TI_auto_init_nobinit_nopinit
00000bbd  __aeabi_uidiv                 
00000bbd  __aeabi_uidivmod              
00000bfd  SysCtlPeripheralPresent       
00000c35  SysCtlPeripheralEnable        
00000c69  _c_int00_noargs               
00000c9d  GPIODirModeSet                
00000cc9  UARTDisable                   
00000ce9  GPIOPinTypeUART               
00000d01  SysTickEnable                 
00000d15  SysTickIntEnable              
00000d29  UARTEnable                    
00000d3d  IntMasterEnable               
00000d4d  SysTickPeriodSet              
00000d5d  __TI_decompress_none          
00000d6b  CPUcpsie                      
00000d77  ResetISR                      
00000d83  UARTCharGet                   
00000d8d  UARTCharPut                   
00000d97  SysCtlDelay                   
00000d9d  UARTClockSourceSet            
00000da3  _system_pre_init              
00000da7  C$$EXIT                       
00000da7  abort                         
00000ec0  __TI_Handler_Table_Base       
00000ec8  __TI_Handler_Table_Limit      
00000ed0  __TI_CINIT_Base               
00000ed8  __TI_CINIT_Limit              
20000000  __stack                       
20000000  __start___llvm_prf_cnts       
20000000  __stop___llvm_prf_cnts        
20000200  __STACK_END                   
20000200  __STACK_TOP                   
20000208  g_ui32Counter                 
ffffffff  __TI_pprof_out_hndl           
ffffffff  __TI_prof_data_size           
ffffffff  __TI_prof_data_start          
ffffffff  __binit__                     
ffffffff  __c_args__                    
ffffffff  binit                         
UNDEFED   __mpu_init                    
UNDEFED   _system_post_cinit            

[66 symbols]
