******************************************************************************
                  TI ARM Linker PC v20.2.7                     
******************************************************************************
>> Linked Fri Dec 16 09:47:10 2022

OUTPUT FILE NAME:   <example8_multiStateMachine.out>
ENTRY POINT SYMBOL: "_c_int00_noargs"  address: 00000a39


MEMORY CONFIGURATION

         name            origin    length      used     unused   attr    fill
----------------------  --------  ---------  --------  --------  ----  --------
  FLASH                 00000000   00040000  00000bd0  0003f430  R  X
  SRAM                  20000000   00008000  00000206  00007dfa  RW X


SEGMENT ALLOCATION MAP

run origin  load origin   length   init length attrs members
----------  ----------- ---------- ----------- ----- -------
00000000    00000000    00000bd4   00000bd4    r-x
  00000000    00000000    0000026c   0000026c    r-- .intvecs
  0000026c    0000026c    000008d0   000008d0    r-x .text
  00000b3c    00000b3c    00000078   00000078    r-- .const
  00000bb8    00000bb8    0000001c   0000001c    r-- .cinit
20000000    20000000    00000206   00000000    rw-
  20000000    20000000    00000200   00000000    rw- .stack
  20000200    20000200    00000006   00000000    rw- .data


SECTION ALLOCATION MAP

 output                                  attributes/
section   page    origin      length       input sections
--------  ----  ----------  ----------   ----------------
.intvecs   0    00000000    0000026c     
                  00000000    0000026c     tm4c123gh6pm_startup_ccs.obj (.intvecs)

.text      0    0000026c    000008d0     
                  0000026c    0000016c     driverlib.lib : gpio.obj (.text:GPIOPadConfigSet)
                  000003d8    00000118                   : sysctl.obj (.text:SysCtlClockGet)
                  000004f0    000000f8     ledGreenStateMachine.obj (.text)
                  000005e8    000000f4     driverlib.lib : sysctl.obj (.text:SysCtlClockSet)
                  000006dc    0000009c     rtsv7M4_T_le_v4SPD16_eabi.lib : memcpy_t2.asm.obj (.text)
                  00000778    0000009c     switches.obj (.text)
                  00000814    00000090     ledRedStateMachine.obj (.text)
                  000008a4    00000068     rtsv7M4_T_le_v4SPD16_eabi.lib : copy_decompress_lzss.c.obj (.text:decompress:lzss:__TI_decompress_lzss)
                  0000090c    00000060     led.obj (.text)
                  0000096c    00000054     main.obj (.text)
                  000009c0    00000044     rtsv7M4_T_le_v4SPD16_eabi.lib : autoinit.c.obj (.text:__TI_auto_init_nobinit_nopinit:__TI_auto_init_nobinit_nopinit)
                  00000a04    00000034     driverlib.lib : sysctl.obj (.text:SysCtlPeripheralEnable)
                  00000a38    00000034     rtsv7M4_T_le_v4SPD16_eabi.lib : boot_cortex_m.c.obj (.text:_c_int00_noargs:_c_int00_noargs)
                  00000a6c    0000002c     driverlib.lib : gpio.obj (.text:GPIODirModeSet)
                  00000a98    0000001a                   : gpio.obj (.text:GPIOPinTypeGPIOOutput)
                  00000ab2    00000002     --HOLE-- [fill = 0]
                  00000ab4    00000014                   : systick.obj (.text:SysTickEnable)
                  00000ac8    00000014                   : systick.obj (.text:SysTickIntEnable)
                  00000adc    00000010                   : interrupt.obj (.text:IntMasterEnable)
                  00000aec    00000010                   : systick.obj (.text:SysTickPeriodSet)
                  00000afc    0000000e     rtsv7M4_T_le_v4SPD16_eabi.lib : copy_decompress_none.c.obj (.text:decompress:none:__TI_decompress_none)
                  00000b0a    0000000c     driverlib.lib : cpu.obj (.text:CPUcpsie)
                  00000b16    0000000c     tm4c123gh6pm_startup_ccs.obj (.text)
                  00000b22    00000006     driverlib.lib : gpio.obj (.text:GPIOPinRead)
                  00000b28    00000006                   : gpio.obj (.text:GPIOPinWrite)
                  00000b2e    00000006                   : sysctl.obj (.text:SysCtlDelay)
                  00000b34    00000004     rtsv7M4_T_le_v4SPD16_eabi.lib : pre_init.c.obj (.text:_system_pre_init)
                  00000b38    00000004                                   : exit.c.obj (.text:abort:abort)

.const     0    00000b3c    00000078     
                  00000b3c    0000006c     driverlib.lib : sysctl.obj (.const:g_pui32Xtals)
                  00000ba8    0000000c     led.obj (.const:ledPin)

.cinit     0    00000bb8    0000001c     
                  00000bb8    00000009     (.cinit..data.load) [load image, compression = lzss]
                  00000bc1    00000003     --HOLE-- [fill = 0]
                  00000bc4    00000008     (__TI_handler_table)
                  00000bcc    00000008     (__TI_cinit_table)

.init_array 
*          0    00000000    00000000     UNINITIALIZED

.data      0    20000200    00000006     UNINITIALIZED
                  20000200    00000005     ledGreenStateMachine.obj (.data)
                  20000205    00000001     ledRedStateMachine.obj (.data)

.stack     0    20000000    00000200     UNINITIALIZED
                  20000000    00000004     rtsv7M4_T_le_v4SPD16_eabi.lib : boot_cortex_m.c.obj (.stack)
                  20000004    000001fc     --HOLE--

__llvm_prf_cnts 
*          0    20000000    00000000     UNINITIALIZED

MODULE SUMMARY

       Module                         code   ro data   rw data
       ------                         ----   -------   -------
    .\
       tm4c123gh6pm_startup_ccs.obj   12     620       0      
       ledGreenStateMachine.obj       248    0         5      
       switches.obj                   156    0         0      
       ledRedStateMachine.obj         144    0         1      
       led.obj                        96     12        0      
       main.obj                       84     0         0      
    +--+------------------------------+------+---------+---------+
       Total:                         740    632       6      
                                                              
    C:/ti/TivaWare_C_Series-2.2.0.295/driverlib/ccs/Debug/driverlib.lib
       sysctl.obj                     582    108       0      
       gpio.obj                       446    0         0      
       systick.obj                    56     0         0      
       interrupt.obj                  16     0         0      
       cpu.obj                        12     0         0      
    +--+------------------------------+------+---------+---------+
       Total:                         1112   108       0      
                                                              
    C:\ti\ccs1210\ccs\tools\compiler\ti-cgt-arm_20.2.7.LTS\lib\rtsv7M4_T_le_v4SPD16_eabi.lib
       memcpy_t2.asm.obj              156    0         0      
       copy_decompress_lzss.c.obj     104    0         0      
       autoinit.c.obj                 68     0         0      
       boot_cortex_m.c.obj            52     0         0      
       copy_decompress_none.c.obj     14     0         0      
       exit.c.obj                     4      0         0      
       pre_init.c.obj                 4      0         0      
    +--+------------------------------+------+---------+---------+
       Total:                         402    0         0      
                                                              
       Stack:                         0      0         512    
       Linker Generated:              0      25        0      
    +--+------------------------------+------+---------+---------+
       Grand Total:                   2254   765       518    


LINKER GENERATED COPY TABLES

__TI_cinit_table @ 00000bcc records: 1, size/record: 8, table size: 8
	.data: load addr=00000bb8, load size=00000009 bytes, run addr=20000200, run size=00000006 bytes, compression=lzss


LINKER GENERATED HANDLER TABLE

__TI_handler_table @ 00000bc4 records: 2, size/record: 4, table size: 8
	index: 0, handler: __TI_decompress_lzss
	index: 1, handler: __TI_decompress_none


GLOBAL SYMBOLS: SORTED ALPHABETICALLY BY Name 

address   name                          
-------   ----                          
00000b39  C$$EXIT                       
00000b0b  CPUcpsie                      
00000a6d  GPIODirModeSet                
0000026d  GPIOPadConfigSet              
00000b23  GPIOPinRead                   
00000a99  GPIOPinTypeGPIOOutput         
00000b29  GPIOPinWrite                  
00000add  IntMasterEnable               
00000b17  ResetISR                      
000003d9  SysCtlClockGet                
000005e9  SysCtlClockSet                
00000b2f  SysCtlDelay                   
00000a05  SysCtlPeripheralEnable        
00000ab5  SysTickEnable                 
00000ac9  SysTickIntEnable              
0000096d  SysTickIntHandler             
00000aed  SysTickPeriodSet              
20000200  __STACK_END                   
00000200  __STACK_SIZE                  
20000200  __STACK_TOP                   
00000bcc  __TI_CINIT_Base               
00000bd4  __TI_CINIT_Limit              
00000bc4  __TI_Handler_Table_Base       
00000bcc  __TI_Handler_Table_Limit      
000009c1  __TI_auto_init_nobinit_nopinit
000008a5  __TI_decompress_lzss          
00000afd  __TI_decompress_none          
ffffffff  __TI_pprof_out_hndl           
ffffffff  __TI_prof_data_size           
ffffffff  __TI_prof_data_start          
00000000  __TI_static_base__            
000006dd  __aeabi_memcpy                
000006dd  __aeabi_memcpy4               
000006dd  __aeabi_memcpy8               
ffffffff  __binit__                     
ffffffff  __c_args__                    
UNDEFED   __mpu_init                    
20000000  __stack                       
20000000  __start___llvm_prf_cnts       
20000000  __stop___llvm_prf_cnts        
00000a39  _c_int00_noargs               
UNDEFED   _system_post_cinit            
00000b35  _system_pre_init              
00000b39  abort                         
ffffffff  binit                         
00000000  g_pfnVectors                  
0000091f  ledControl                    
20000200  ledGTimer                     
000004f1  ledGreenStateMachineUpdate    
0000090d  ledInit                       
00000ba8  ledPin                        
00000815  ledRedStateMachineUpdate      
0000097d  main                          
000006dd  memcpy                        
00000779  switchInit                    
000007c1  switchState                   


GLOBAL SYMBOLS: SORTED BY Symbol Address 

address   name                          
-------   ----                          
00000000  __TI_static_base__            
00000000  g_pfnVectors                  
00000200  __STACK_SIZE                  
0000026d  GPIOPadConfigSet              
000003d9  SysCtlClockGet                
000004f1  ledGreenStateMachineUpdate    
000005e9  SysCtlClockSet                
000006dd  __aeabi_memcpy                
000006dd  __aeabi_memcpy4               
000006dd  __aeabi_memcpy8               
000006dd  memcpy                        
00000779  switchInit                    
000007c1  switchState                   
00000815  ledRedStateMachineUpdate      
000008a5  __TI_decompress_lzss          
0000090d  ledInit                       
0000091f  ledControl                    
0000096d  SysTickIntHandler             
0000097d  main                          
000009c1  __TI_auto_init_nobinit_nopinit
00000a05  SysCtlPeripheralEnable        
00000a39  _c_int00_noargs               
00000a6d  GPIODirModeSet                
00000a99  GPIOPinTypeGPIOOutput         
00000ab5  SysTickEnable                 
00000ac9  SysTickIntEnable              
00000add  IntMasterEnable               
00000aed  SysTickPeriodSet              
00000afd  __TI_decompress_none          
00000b0b  CPUcpsie                      
00000b17  ResetISR                      
00000b23  GPIOPinRead                   
00000b29  GPIOPinWrite                  
00000b2f  SysCtlDelay                   
00000b35  _system_pre_init              
00000b39  C$$EXIT                       
00000b39  abort                         
00000ba8  ledPin                        
00000bc4  __TI_Handler_Table_Base       
00000bcc  __TI_CINIT_Base               
00000bcc  __TI_Handler_Table_Limit      
00000bd4  __TI_CINIT_Limit              
20000000  __stack                       
20000000  __start___llvm_prf_cnts       
20000000  __stop___llvm_prf_cnts        
20000200  __STACK_END                   
20000200  __STACK_TOP                   
20000200  ledGTimer                     
ffffffff  __TI_pprof_out_hndl           
ffffffff  __TI_prof_data_size           
ffffffff  __TI_prof_data_start          
ffffffff  __binit__                     
ffffffff  __c_args__                    
ffffffff  binit                         
UNDEFED   __mpu_init                    
UNDEFED   _system_post_cinit            

[56 symbols]
