******************************************************************************
                  TI ARM Linker PC v20.2.7                     
******************************************************************************
>> Linked Fri Feb 10 23:54:20 2023

OUTPUT FILE NAME:   <Example3_UART.out>
ENTRY POINT SYMBOL: "_c_int00_noargs"  address: 00000b5d


MEMORY CONFIGURATION

         name            origin    length      used     unused   attr    fill
----------------------  --------  ---------  --------  --------  ----  --------
  FLASH                 00000000   00040000  00000dd6  0003f22a  R  X
  SRAM                  20000000   00008000  0000046c  00007b94  RW X


SEGMENT ALLOCATION MAP

run origin  load origin   length   init length attrs members
----------  ----------- ---------- ----------- ----- -------
00000000    00000000    00000ddc   00000ddc    r-x
  00000000    00000000    0000026c   0000026c    r-- .intvecs
  0000026c    0000026c    000009b2   000009b2    r-x .text
  00000c20    00000c20    000001a4   000001a4    r-- .const
  00000dc8    00000dc8    00000014   00000014    r-- .cinit
20000000    20000000    00000470   00000000    rw-
  20000000    20000000    0000026c   00000000    rw- .vtable
  20000270    20000270    00000200   00000000    rw- .stack


SECTION ALLOCATION MAP

 output                                  attributes/
section   page    origin      length       input sections
--------  ----  ----------  ----------   ----------------
.intvecs   0    00000000    0000026c     
                  00000000    0000026c     tm4c123gh6pm_startup_ccs.obj (.intvecs)

.text      0    0000026c    000009b2     
                  0000026c    000002e4     uart.obj (.text)
                  00000550    0000016c     driverlib.lib : gpio.obj (.text:GPIOPadConfigSet)
                  000006bc    00000118                   : sysctl.obj (.text:SysCtlClockGet)
                  000007d4    000000f4                   : sysctl.obj (.text:SysCtlClockSet)
                  000008c8    000000cc     main.obj (.text)
                  00000994    00000068     driverlib.lib : interrupt.obj (.text:IntDisable)
                  000009fc    00000068                   : interrupt.obj (.text:IntEnable)
                  00000a64    0000004c                   : gpio.obj (.text:GPIOPinConfigure)
                  00000ab0    00000044     rtsv7M4_T_le_v4SPD16_eabi.lib : autoinit.c.obj (.text:__TI_auto_init_nobinit_nopinit:__TI_auto_init_nobinit_nopinit)
                  00000af4    00000034     driverlib.lib : interrupt.obj (.text:IntRegister)
                  00000b28    00000034                   : sysctl.obj (.text:SysCtlPeripheralEnable)
                  00000b5c    00000034     rtsv7M4_T_le_v4SPD16_eabi.lib : boot_cortex_m.c.obj (.text:_c_int00_noargs:_c_int00_noargs)
                  00000b90    0000002c     driverlib.lib : gpio.obj (.text:GPIODirModeSet)
                  00000bbc    0000001c     rtsv7M4_T_le_v4SPD16_eabi.lib : copy_zero_init.c.obj (.text:decompress:ZI:__TI_zero_init_nomemset:__TI_zero_init_nomemset)
                  00000bd8    00000016     driverlib.lib : gpio.obj (.text:GPIOPinTypeUART)
                  00000bee    00000002                   : interrupt.obj (.text:_IntDefaultHandler)
                  00000bf0    00000014                   : interrupt.obj (.text:IntUnregister)
                  00000c04    0000000c     tm4c123gh6pm_startup_ccs.obj (.text)
                  00000c10    00000006     driverlib.lib : sysctl.obj (.text:SysCtlDelay)
                  00000c16    00000004     rtsv7M4_T_le_v4SPD16_eabi.lib : pre_init.c.obj (.text:_system_pre_init)
                  00000c1a    00000004                                   : exit.c.obj (.text:abort:abort)

.const     0    00000c20    000001a4     
                  00000c20    00000090     driverlib.lib : gpio.obj (.const:g_pui32GPIOBaseAddrs)
                  00000cb0    00000080     uart.obj (.const:$O1$$)
                  00000d30    0000006c     driverlib.lib : sysctl.obj (.const:g_pui32Xtals)
                  00000d9c    00000014                   : interrupt.obj (.const:g_pui32Dii16Regs)
                  00000db0    00000014                   : interrupt.obj (.const:g_pui32EnRegs)

.cinit     0    00000dc8    00000014     
                  00000dc8    00000008     (.cinit..vtable.load) [load image, compression = zero_init]
                  00000dd0    00000004     (__TI_handler_table)
                  00000dd4    00000008     (__TI_cinit_table)

.init_array 
*          0    00000000    00000000     UNINITIALIZED

.vtable    0    20000000    0000026c     UNINITIALIZED
                  20000000    0000026c     driverlib.lib : interrupt.obj (.vtable)

.stack     0    20000270    00000200     UNINITIALIZED
                  20000270    00000004     rtsv7M4_T_le_v4SPD16_eabi.lib : boot_cortex_m.c.obj (.stack)
                  20000274    000001fc     --HOLE--

__llvm_prf_cnts 
*          0    20000000    00000000     UNINITIALIZED

MODULE SUMMARY

       Module                         code   ro data   rw data
       ------                         ----   -------   -------
    .\
       uart.obj                       740    128       0      
       tm4c123gh6pm_startup_ccs.obj   12     620       0      
       main.obj                       204    0         0      
    +--+------------------------------+------+---------+---------+
       Total:                         956    748       0      
                                                              
    C:/ti/TivaWare_C_Series-2.2.0.295/driverlib/ccs/Debug/driverlib.lib
       interrupt.obj                  282    40        620    
       sysctl.obj                     582    108       0      
       gpio.obj                       506    144       0      
    +--+------------------------------+------+---------+---------+
       Total:                         1370   292       620    
                                                              
    C:\ti\ccs1220\ccs\tools\compiler\ti-cgt-arm_20.2.7.LTS\lib\rtsv7M4_T_le_v4SPD16_eabi.lib
       autoinit.c.obj                 68     0         0      
       boot_cortex_m.c.obj            52     0         0      
       copy_zero_init.c.obj           28     0         0      
       exit.c.obj                     4      0         0      
       pre_init.c.obj                 4      0         0      
    +--+------------------------------+------+---------+---------+
       Total:                         156    0         0      
                                                              
       Stack:                         0      0         512    
       Linker Generated:              0      20        0      
    +--+------------------------------+------+---------+---------+
       Grand Total:                   2482   1060      1132   


LINKER GENERATED COPY TABLES

__TI_cinit_table @ 00000dd4 records: 1, size/record: 8, table size: 8
	.vtable: load addr=00000dc8, load size=00000008 bytes, run addr=20000000, run size=0000026c bytes, compression=zero_init


LINKER GENERATED HANDLER TABLE

__TI_handler_table @ 00000dd0 records: 1, size/record: 4, table size: 4
	index: 0, handler: __TI_zero_init


GLOBAL SYMBOLS: SORTED ALPHABETICALLY BY Name 

address   name                          
-------   ----                          
00000c1b  C$$EXIT                       
00000b91  GPIODirModeSet                
00000551  GPIOPadConfigSet              
00000a65  GPIOPinConfigure              
00000bd9  GPIOPinTypeUART               
00000995  IntDisable                    
000009fd  IntEnable                     
00000af5  IntRegister                   
00000bf1  IntUnregister                 
00000c05  ResetISR                      
000006bd  SysCtlClockGet                
000007d5  SysCtlClockSet                
00000c11  SysCtlDelay                   
00000b29  SysCtlPeripheralEnable        
00000515  UART9BitAddrSend              
0000050b  UART9BitAddrSet               
000004fd  UART9BitDisable               
000004ef  UART9BitEnable                
000004db  UARTBreakCtl                  
000004d3  UARTBusy                      
000004c9  UARTCharGet                   
000004bb  UARTCharGetNonBlocking        
000004b1  UARTCharPut                   
000004a3  UARTCharPutNonBlocking        
00000495  UARTCharsAvail                
0000048f  UARTClockSourceGet            
00000489  UARTClockSourceSet            
00000463  UARTConfigGetExpClk           
0000041d  UARTConfigSetExpClk           
00000413  UARTDMADisable                
0000040b  UARTDMAEnable                 
000003f1  UARTDisable                   
000003e7  UARTDisableSIR                
000003d3  UARTEnable                    
000003bf  UARTEnableSIR                 
000003b5  UARTFIFODisable               
000003ab  UARTFIFOEnable                
0000039b  UARTFIFOLevelGet              
00000395  UARTFIFOLevelSet              
0000038d  UARTFlowControlGet            
00000381  UARTFlowControlSet            
0000037d  UARTIntClear                  
00000373  UARTIntDisable                
0000036b  UARTIntEnable                 
00000353  UARTIntRegister               
00000349  UARTIntStatus                 
00000335  UARTIntUnregister             
00000301  UARTLoopbackEnable            
000002ef  UARTModemControlClear         
000002e7  UARTModemControlGet           
000002db  UARTModemControlSet           
000002d1  UARTModemStatusGet            
000002c9  UARTParityModeGet             
000002bd  UARTParityModeSet             
000002b7  UARTRxErrorClear              
000002af  UARTRxErrorGet                
000002a5  UARTSmartCardDisable          
0000028f  UARTSmartCardEnable           
00000281  UARTSpaceAvail                
00000279  UARTTxIntModeGet              
0000026d  UARTTxIntModeSet              
20000470  __STACK_END                   
00000200  __STACK_SIZE                  
20000470  __STACK_TOP                   
00000dd4  __TI_CINIT_Base               
00000ddc  __TI_CINIT_Limit              
00000dd0  __TI_Handler_Table_Base       
00000dd4  __TI_Handler_Table_Limit      
00000ab1  __TI_auto_init_nobinit_nopinit
ffffffff  __TI_pprof_out_hndl           
ffffffff  __TI_prof_data_size           
ffffffff  __TI_prof_data_start          
00000000  __TI_static_base__            
00000bbd  __TI_zero_init_nomemset       
ffffffff  __binit__                     
ffffffff  __c_args__                    
UNDEFED   __mpu_init                    
20000270  __stack                       
20000000  __start___llvm_prf_cnts       
20000000  __stop___llvm_prf_cnts        
00000b5d  _c_int00_noargs               
UNDEFED   _system_post_cinit            
00000c17  _system_pre_init              
00000c1b  abort                         
ffffffff  binit                         
20000000  g_pfnRAMVectors               
00000000  g_pfnVectors                  
000008c9  main                          


GLOBAL SYMBOLS: SORTED BY Symbol Address 

address   name                          
-------   ----                          
00000000  __TI_static_base__            
00000000  g_pfnVectors                  
00000200  __STACK_SIZE                  
0000026d  UARTTxIntModeSet              
00000279  UARTTxIntModeGet              
00000281  UARTSpaceAvail                
0000028f  UARTSmartCardEnable           
000002a5  UARTSmartCardDisable          
000002af  UARTRxErrorGet                
000002b7  UARTRxErrorClear              
000002bd  UARTParityModeSet             
000002c9  UARTParityModeGet             
000002d1  UARTModemStatusGet            
000002db  UARTModemControlSet           
000002e7  UARTModemControlGet           
000002ef  UARTModemControlClear         
00000301  UARTLoopbackEnable            
00000335  UARTIntUnregister             
00000349  UARTIntStatus                 
00000353  UARTIntRegister               
0000036b  UARTIntEnable                 
00000373  UARTIntDisable                
0000037d  UARTIntClear                  
00000381  UARTFlowControlSet            
0000038d  UARTFlowControlGet            
00000395  UARTFIFOLevelSet              
0000039b  UARTFIFOLevelGet              
000003ab  UARTFIFOEnable                
000003b5  UARTFIFODisable               
000003bf  UARTEnableSIR                 
000003d3  UARTEnable                    
000003e7  UARTDisableSIR                
000003f1  UARTDisable                   
0000040b  UARTDMAEnable                 
00000413  UARTDMADisable                
0000041d  UARTConfigSetExpClk           
00000463  UARTConfigGetExpClk           
00000489  UARTClockSourceSet            
0000048f  UARTClockSourceGet            
00000495  UARTCharsAvail                
000004a3  UARTCharPutNonBlocking        
000004b1  UARTCharPut                   
000004bb  UARTCharGetNonBlocking        
000004c9  UARTCharGet                   
000004d3  UARTBusy                      
000004db  UARTBreakCtl                  
000004ef  UART9BitEnable                
000004fd  UART9BitDisable               
0000050b  UART9BitAddrSet               
00000515  UART9BitAddrSend              
00000551  GPIOPadConfigSet              
000006bd  SysCtlClockGet                
000007d5  SysCtlClockSet                
000008c9  main                          
00000995  IntDisable                    
000009fd  IntEnable                     
00000a65  GPIOPinConfigure              
00000ab1  __TI_auto_init_nobinit_nopinit
00000af5  IntRegister                   
00000b29  SysCtlPeripheralEnable        
00000b5d  _c_int00_noargs               
00000b91  GPIODirModeSet                
00000bbd  __TI_zero_init_nomemset       
00000bd9  GPIOPinTypeUART               
00000bf1  IntUnregister                 
00000c05  ResetISR                      
00000c11  SysCtlDelay                   
00000c17  _system_pre_init              
00000c1b  C$$EXIT                       
00000c1b  abort                         
00000dd0  __TI_Handler_Table_Base       
00000dd4  __TI_CINIT_Base               
00000dd4  __TI_Handler_Table_Limit      
00000ddc  __TI_CINIT_Limit              
20000000  __start___llvm_prf_cnts       
20000000  __stop___llvm_prf_cnts        
20000000  g_pfnRAMVectors               
20000270  __stack                       
20000470  __STACK_END                   
20000470  __STACK_TOP                   
ffffffff  __TI_pprof_out_hndl           
ffffffff  __TI_prof_data_size           
ffffffff  __TI_prof_data_start          
ffffffff  __binit__                     
ffffffff  __c_args__                    
ffffffff  binit                         
UNDEFED   __mpu_init                    
UNDEFED   _system_post_cinit            

[88 symbols]
