******************************************************************************
                  TI ARM Linker PC v20.2.7                     
******************************************************************************
>> Linked Fri Feb 10 23:49:04 2023

OUTPUT FILE NAME:   <Example2.out>
ENTRY POINT SYMBOL: "_c_int00_noinit_noargs"  address: 000007a1


MEMORY CONFIGURATION

         name            origin    length      used     unused   attr    fill
----------------------  --------  ---------  --------  --------  ----  --------
  FLASH                 00000000   00040000  000008d4  0003f72c  R  X
  SRAM                  20000000   00008000  00000200  00007e00  RW X


SEGMENT ALLOCATION MAP

run origin  load origin   length   init length attrs members
----------  ----------- ---------- ----------- ----- -------
00000000    00000000    000008d4   000008d4    r-x
  00000000    00000000    0000026c   0000026c    r-- .intvecs
  0000026c    0000026c    000005e8   000005e8    r-x .text
  00000854    00000854    00000080   00000080    r-- .const
20000000    20000000    00000200   00000000    rw-
  20000000    20000000    00000200   00000000    rw- .stack


SECTION ALLOCATION MAP

 output                                  attributes/
section   page    origin      length       input sections
--------  ----  ----------  ----------   ----------------
.intvecs   0    00000000    0000026c     
                  00000000    0000026c     tm4c123gh6pm_startup_ccs.obj (.intvecs)

.text      0    0000026c    000005e8     
                  0000026c    0000016c     driverlib.lib : gpio.obj (.text:GPIOPadConfigSet)
                  000003d8    00000118                   : sysctl.obj (.text:SysCtlClockGet)
                  000004f0    000000f4                   : sysctl.obj (.text:SysCtlClockSet)
                  000005e4    00000094     main.obj (.text)
                  00000678    00000068     driverlib.lib : interrupt.obj (.text:IntEnable)
                  000006e0    00000060                   : timer.obj (.text:TimerConfigure)
                  00000740    00000034                   : sysctl.obj (.text:SysCtlPeripheralEnable)
                  00000774    0000002c                   : gpio.obj (.text:GPIODirModeSet)
                  000007a0    0000002c     rtsv7M4_T_le_v4SPD16_eabi.lib : boot_cortex_m.c.obj (.text:_c_int00_noinit_noargs:_c_int00_noinit_noargs)
                  000007cc    0000001a     driverlib.lib : gpio.obj (.text:GPIOPinTypeGPIOOutput)
                  000007e6    00000012                   : timer.obj (.text:TimerLoadSet)
                  000007f8    00000010                   : interrupt.obj (.text:IntMasterEnable)
                  00000808    0000000e                   : timer.obj (.text:TimerEnable)
                  00000816    0000000c                   : cpu.obj (.text:CPUcpsie)
                  00000822    0000000c     tm4c123gh6pm_startup_ccs.obj (.text)
                  0000082e    00000008     driverlib.lib : timer.obj (.text:TimerIntEnable)
                  00000836    00000006                   : gpio.obj (.text:GPIOPinRead)
                  0000083c    00000006                   : gpio.obj (.text:GPIOPinWrite)
                  00000842    00000006                   : sysctl.obj (.text:SysCtlDelay)
                  00000848    00000004                   : timer.obj (.text:TimerIntClear)
                  0000084c    00000004     rtsv7M4_T_le_v4SPD16_eabi.lib : pre_init.c.obj (.text:_system_pre_init)
                  00000850    00000004                                   : exit.c.obj (.text:abort:abort)

.const     0    00000854    00000080     
                  00000854    0000006c     driverlib.lib : sysctl.obj (.const:g_pui32Xtals)
                  000008c0    00000014                   : interrupt.obj (.const:g_pui32EnRegs)

.cinit     0    00000000    00000000     UNINITIALIZED

.init_array 
*          0    00000000    00000000     UNINITIALIZED

.stack     0    20000000    00000200     UNINITIALIZED
                  20000000    00000004     rtsv7M4_T_le_v4SPD16_eabi.lib : boot_cortex_m.c.obj (.stack)
                  20000004    000001fc     --HOLE--

__llvm_prf_cnts 
*          0    20000000    00000000     UNINITIALIZED

MODULE SUMMARY

       Module                         code   ro data   rw data
       ------                         ----   -------   -------
    .\
       tm4c123gh6pm_startup_ccs.obj   12     620       0      
       main.obj                       148    0         0      
    +--+------------------------------+------+---------+---------+
       Total:                         160    620       0      
                                                              
    C:/ti/TivaWare_C_Series-2.2.0.295/driverlib/ccs/Debug/driverlib.lib
       sysctl.obj                     582    108       0      
       gpio.obj                       446    0         0      
       interrupt.obj                  120    20        0      
       timer.obj                      140    0         0      
       cpu.obj                        12     0         0      
    +--+------------------------------+------+---------+---------+
       Total:                         1300   128       0      
                                                              
    C:\ti\ccs1220\ccs\tools\compiler\ti-cgt-arm_20.2.7.LTS\lib\rtsv7M4_T_le_v4SPD16_eabi.lib
       boot_cortex_m.c.obj            44     0         0      
       exit.c.obj                     4      0         0      
       pre_init.c.obj                 4      0         0      
    +--+------------------------------+------+---------+---------+
       Total:                         52     0         0      
                                                              
       Stack:                         0      0         512    
    +--+------------------------------+------+---------+---------+
       Grand Total:                   1512   748       512    


GLOBAL SYMBOLS: SORTED ALPHABETICALLY BY Name 

address   name                   
-------   ----                   
00000851  C$$EXIT                
00000817  CPUcpsie               
00000775  GPIODirModeSet         
0000026d  GPIOPadConfigSet       
00000837  GPIOPinRead            
000007cd  GPIOPinTypeGPIOOutput  
0000083d  GPIOPinWrite           
00000679  IntEnable              
000007f9  IntMasterEnable        
00000823  ResetISR               
000003d9  SysCtlClockGet         
000004f1  SysCtlClockSet         
00000843  SysCtlDelay            
00000741  SysCtlPeripheralEnable 
0000063d  Timer0IntHandler       
000006e1  TimerConfigure         
00000809  TimerEnable            
00000849  TimerIntClear          
0000082f  TimerIntEnable         
000007e7  TimerLoadSet           
20000200  __STACK_END            
00000200  __STACK_SIZE           
20000200  __STACK_TOP            
ffffffff  __TI_pprof_out_hndl    
ffffffff  __TI_prof_data_size    
ffffffff  __TI_prof_data_start   
00000000  __TI_static_base__     
ffffffff  __binit__              
ffffffff  __c_args__             
UNDEFED   __mpu_init             
20000000  __stack                
20000000  __start___llvm_prf_cnts
20000000  __stop___llvm_prf_cnts 
000007a1  _c_int00_noinit_noargs 
0000084d  _system_pre_init       
00000851  abort                  
ffffffff  binit                  
00000000  g_pfnVectors           
000005e5  main                   


GLOBAL SYMBOLS: SORTED BY Symbol Address 

address   name                   
-------   ----                   
00000000  __TI_static_base__     
00000000  g_pfnVectors           
00000200  __STACK_SIZE           
0000026d  GPIOPadConfigSet       
000003d9  SysCtlClockGet         
000004f1  SysCtlClockSet         
000005e5  main                   
0000063d  Timer0IntHandler       
00000679  IntEnable              
000006e1  TimerConfigure         
00000741  SysCtlPeripheralEnable 
00000775  GPIODirModeSet         
000007a1  _c_int00_noinit_noargs 
000007cd  GPIOPinTypeGPIOOutput  
000007e7  TimerLoadSet           
000007f9  IntMasterEnable        
00000809  TimerEnable            
00000817  CPUcpsie               
00000823  ResetISR               
0000082f  TimerIntEnable         
00000837  GPIOPinRead            
0000083d  GPIOPinWrite           
00000843  SysCtlDelay            
00000849  TimerIntClear          
0000084d  _system_pre_init       
00000851  C$$EXIT                
00000851  abort                  
20000000  __stack                
20000000  __start___llvm_prf_cnts
20000000  __stop___llvm_prf_cnts 
20000200  __STACK_END            
20000200  __STACK_TOP            
ffffffff  __TI_pprof_out_hndl    
ffffffff  __TI_prof_data_size    
ffffffff  __TI_prof_data_start   
ffffffff  __binit__              
ffffffff  __c_args__             
ffffffff  binit                  
UNDEFED   __mpu_init             

[39 symbols]
