******************************************************************************
                  TI ARM Linker PC v20.2.7                     
******************************************************************************
>> Linked Mon Feb 13 15:13:58 2023

OUTPUT FILE NAME:   <Test_SysTick_1.0.out>
ENTRY POINT SYMBOL: "_c_int00_noargs"  address: 00000d61


MEMORY CONFIGURATION

         name            origin    length      used     unused   attr    fill
----------------------  --------  ---------  --------  --------  ----  --------
  FLASH                 00000000   00040000  000011a8  0003ee58  R  X
  SRAM                  20000000   00008000  000005a4  00007a5c  RW X


SEGMENT ALLOCATION MAP

run origin  load origin   length   init length attrs members
----------  ----------- ---------- ----------- ----- -------
00000000    00000000    000011a8   000011a8    r-x
  00000000    00000000    0000026c   0000026c    r-- .intvecs
  0000026c    0000026c    00000d6c   00000d6c    r-x .text
  00000fd8    00000fd8    00000190   00000190    r-- .const
  00001168    00001168    00000040   00000040    r-- .cinit
20000000    20000000    000005a8   00000000    rw-
  20000000    20000000    0000026c   00000000    rw- .vtable
  20000270    20000270    00000200   00000000    rw- .stack
  20000470    20000470    00000118   00000000    rw- .bss
  20000588    20000588    00000020   00000000    rw- .data


SECTION ALLOCATION MAP

 output                                  attributes/
section   page    origin      length       input sections
--------  ----  ----------  ----------   ----------------
.intvecs   0    00000000    0000026c     
                  00000000    0000026c     tm4c123gh6pm_startup_ccs.obj (.intvecs)

.text      0    0000026c    00000d6c     
                  0000026c    0000019c     main.obj (.text)
                  00000408    00000188     button.obj (.text)
                  00000590    0000016c     driverlib.lib : gpio.obj (.text:GPIOPadConfigSet)
                  000006fc    00000118                   : sysctl.obj (.text:SysCtlClockGet)
                  00000814    000000f4                   : sysctl.obj (.text:SysCtlClockSet)
                  00000908    000000f0     Command_Line.obj (.text)
                  000009f8    0000009c     rtsv7M4_T_le_v4SPD16_eabi.lib : memcpy_t2.asm.obj (.text)
                  00000a94    00000068     driverlib.lib : interrupt.obj (.text:IntEnable)
                  00000afc    00000068     rtsv7M4_T_le_v4SPD16_eabi.lib : copy_decompress_lzss.c.obj (.text:decompress:lzss:__TI_decompress_lzss)
                  00000b64    0000004c     driverlib.lib : gpio.obj (.text:GPIOPinConfigure)
                  00000bb0    00000046                   : uart.obj (.text:UARTConfigSetExpClk)
                  00000bf6    00000002     --HOLE-- [fill = 0]
                  00000bf8    00000044     rtsv7M4_T_le_v4SPD16_eabi.lib : autoinit.c.obj (.text:__TI_auto_init_nobinit_nopinit:__TI_auto_init_nobinit_nopinit)
                  00000c3c    00000040     driverlib.lib : uart.obj (.text:_UARTIntNumberGet)
                  00000c7c    00000040     rtsv7M4_T_le_v4SPD16_eabi.lib : strtok.c.obj (.text:strtok)
                  00000cbc    0000003c     systick_ms.obj (.text)
                  00000cf8    00000034     driverlib.lib : interrupt.obj (.text:IntRegister)
                  00000d2c    00000034                   : sysctl.obj (.text:SysCtlPeripheralEnable)
                  00000d60    00000034     rtsv7M4_T_le_v4SPD16_eabi.lib : boot_cortex_m.c.obj (.text:_c_int00_noargs:_c_int00_noargs)
                  00000d94    00000034                                   : strstr.c.obj (.text:strstr)
                  00000dc8    0000002c     driverlib.lib : gpio.obj (.text:GPIODirModeSet)
                  00000df4    0000002a     rtsv7M4_T_le_v4SPD16_eabi.lib : strspn.c.obj (.text:strspn)
                  00000e1e    00000024                                   : strcspn.c.obj (.text:strcspn)
                  00000e42    00000002     --HOLE-- [fill = 0]
                  00000e44    00000020     driverlib.lib : uart.obj (.text:UARTDisable)
                  00000e64    0000001c                   : systick.obj (.text:SysTickIntRegister)
                  00000e80    0000001c     rtsv7M4_T_le_v4SPD16_eabi.lib : copy_zero_init.c.obj (.text:decompress:ZI:__TI_zero_init_nomemset:__TI_zero_init_nomemset)
                  00000e9c    0000001a     driverlib.lib : gpio.obj (.text:GPIOPinTypeGPIOOutput)
                  00000eb6    00000018                   : uart.obj (.text:UARTIntRegister)
                  00000ece    00000016                   : gpio.obj (.text:GPIOPinTypeGPIOInput)
                  00000ee4    00000016                   : gpio.obj (.text:GPIOPinTypeUART)
                  00000efa    00000002     --HOLE-- [fill = 0]
                  00000efc    00000014                   : systick.obj (.text:SysTickEnable)
                  00000f10    00000014                   : systick.obj (.text:SysTickIntEnable)
                  00000f24    00000014                   : uart.obj (.text:UARTEnable)
                  00000f38    00000010                   : interrupt.obj (.text:IntMasterEnable)
                  00000f48    00000010                   : systick.obj (.text:SysTickPeriodSet)
                  00000f58    0000000e                   : uart.obj (.text:UARTCharGetNonBlocking)
                  00000f66    0000000e                   : uart.obj (.text:UARTCharPutNonBlocking)
                  00000f74    0000000e                   : uart.obj (.text:UARTCharsAvail)
                  00000f82    0000000e     rtsv7M4_T_le_v4SPD16_eabi.lib : copy_decompress_none.c.obj (.text:decompress:none:__TI_decompress_none)
                  00000f90    0000000c     driverlib.lib : cpu.obj (.text:CPUcpsie)
                  00000f9c    0000000c     tm4c123gh6pm_startup_ccs.obj (.text)
                  00000fa8    0000000a     driverlib.lib : uart.obj (.text:UARTIntStatus)
                  00000fb2    00000008                   : uart.obj (.text:UARTIntEnable)
                  00000fba    00000006                   : gpio.obj (.text:GPIOPinRead)
                  00000fc0    00000006                   : gpio.obj (.text:GPIOPinWrite)
                  00000fc6    00000006                   : sysctl.obj (.text:SysCtlDelay)
                  00000fcc    00000004                   : uart.obj (.text:UARTIntClear)
                  00000fd0    00000004     rtsv7M4_T_le_v4SPD16_eabi.lib : pre_init.c.obj (.text:_system_pre_init)
                  00000fd4    00000004                                   : exit.c.obj (.text:abort:abort)

.const     0    00000fd8    00000190     
                  00000fd8    00000090     driverlib.lib : gpio.obj (.const:g_pui32GPIOBaseAddrs)
                  00001068    0000006c                   : sysctl.obj (.const:g_pui32Xtals)
                  000010d4    00000040                   : uart.obj (.const:g_ppui32UARTIntMap)
                  00001114    00000040                   : uart.obj (.const:g_ppui32UARTIntMapSnowflake)
                  00001154    00000014                   : interrupt.obj (.const:g_pui32EnRegs)

.cinit     0    00001168    00000040     
                  00001168    0000000c     (__TI_handler_table)
                  00001174    0000000b     (.cinit..data.load) [load image, compression = lzss]
                  0000117f    00000001     --HOLE-- [fill = 0]
                  00001180    00000008     (.cinit..bss.load) [load image, compression = zero_init]
                  00001188    00000008     (.cinit..vtable.load) [load image, compression = zero_init]
                  00001190    00000018     (__TI_cinit_table)

.init_array 
*          0    00000000    00000000     UNINITIALIZED

.vtable    0    20000000    0000026c     UNINITIALIZED
                  20000000    0000026c     driverlib.lib : interrupt.obj (.vtable)

.bss       0    20000470    00000118     UNINITIALIZED
                  20000470    00000100     (.common:cl_buf)
                  20000570    00000018     (.common:button1)

.data      0    20000588    00000020     UNINITIALIZED
                  20000588    00000010     button.obj (.data)
                  20000598    00000005     main.obj (.data)
                  2000059d    00000002     Command_Line.obj (.data)
                  2000059f    00000001     --HOLE--
                  200005a0    00000004     rtsv7M4_T_le_v4SPD16_eabi.lib : strtok.c.obj (.data)
                  200005a4    00000004     systick_ms.obj (.data)

.stack     0    20000270    00000200     UNINITIALIZED
                  20000270    00000004     rtsv7M4_T_le_v4SPD16_eabi.lib : boot_cortex_m.c.obj (.stack)
                  20000274    000001fc     --HOLE--

__llvm_prf_cnts 
*          0    20000000    00000000     UNINITIALIZED

MODULE SUMMARY

       Module                         code   ro data   rw data
       ------                         ----   -------   -------
    .\
       tm4c123gh6pm_startup_ccs.obj   12     620       0      
       main.obj                       412    0         29     
    +--+------------------------------+------+---------+---------+
       Total:                         424    620       29     
                                                              
    .\Libraries\
       Command_Line.obj               240    0         258    
       button.obj                     392    0         16     
       systick_ms.obj                 60     0         4      
    +--+------------------------------+------+---------+---------+
       Total:                         692    0         278    
                                                              
    C:/ti/TivaWare_C_Series-2.2.0.295/driverlib/ccs/Debug/driverlib.lib
       interrupt.obj                  172    20        620    
       gpio.obj                       566    144       0      
       sysctl.obj                     582    108       0      
       uart.obj                       274    128       0      
       systick.obj                    84     0         0      
       cpu.obj                        12     0         0      
    +--+------------------------------+------+---------+---------+
       Total:                         1690   400       620    
                                                              
    C:\ti\ccs1220\ccs\tools\compiler\ti-cgt-arm_20.2.7.LTS\lib\rtsv7M4_T_le_v4SPD16_eabi.lib
       memcpy_t2.asm.obj              156    0         0      
       copy_decompress_lzss.c.obj     104    0         0      
       autoinit.c.obj                 68     0         0      
       strtok.c.obj                   64     0         4      
       boot_cortex_m.c.obj            52     0         0      
       strstr.c.obj                   52     0         0      
       strspn.c.obj                   42     0         0      
       strcspn.c.obj                  36     0         0      
       copy_zero_init.c.obj           28     0         0      
       copy_decompress_none.c.obj     14     0         0      
       exit.c.obj                     4      0         0      
       pre_init.c.obj                 4      0         0      
    +--+------------------------------+------+---------+---------+
       Total:                         624    0         4      
                                                              
       Stack:                         0      0         512    
       Linker Generated:              0      63        0      
    +--+------------------------------+------+---------+---------+
       Grand Total:                   3430   1083      1443   


LINKER GENERATED COPY TABLES

__TI_cinit_table @ 00001190 records: 3, size/record: 8, table size: 24
	.data: load addr=00001174, load size=0000000b bytes, run addr=20000588, run size=00000020 bytes, compression=lzss
	.bss: load addr=00001180, load size=00000008 bytes, run addr=20000470, run size=00000118 bytes, compression=zero_init
	.vtable: load addr=00001188, load size=00000008 bytes, run addr=20000000, run size=0000026c bytes, compression=zero_init


LINKER GENERATED HANDLER TABLE

__TI_handler_table @ 00001168 records: 3, size/record: 4, table size: 12
	index: 0, handler: __TI_zero_init
	index: 1, handler: __TI_decompress_lzss
	index: 2, handler: __TI_decompress_none


GLOBAL SYMBOLS: SORTED ALPHABETICALLY BY Name 

address   name                            
-------   ----                            
0000042b  BUTTON_Handle                   
0000051b  BUTTON_Init                     
00000557  BUTTON_Set_Callback_Function    
00000fd5  C$$EXIT                         
0000090b  COMMAND_LINE_Handle             
00000909  COMMAND_LINE_Init               
0000099b  COMMAND_LINE_Receive            
00000f91  CPUcpsie                        
00000dc9  GPIODirModeSet                  
00000591  GPIOPadConfigSet                
00000b65  GPIOPinConfigure                
00000fbb  GPIOPinRead                     
00000ecf  GPIOPinTypeGPIOInput            
00000e9d  GPIOPinTypeGPIOOutput           
00000ee5  GPIOPinTypeUART                 
00000fc1  GPIOPinWrite                    
00000a95  IntEnable                       
00000f39  IntMasterEnable                 
00000cf9  IntRegister                     
00000f9d  ResetISR                        
000006fd  SysCtlClockGet                  
00000815  SysCtlClockSet                  
00000fc7  SysCtlDelay                     
00000d2d  SysCtlPeripheralEnable          
00000efd  SysTickEnable                   
00000f11  SysTickIntEnable                
00000e65  SysTickIntRegister              
00000ce9  SysTickMs_GetTick               
00000cc7  SysTickMs_Init                  
00000f49  SysTickPeriodSet                
0000029f  UART0_ISR                       
00000f59  UARTCharGetNonBlocking          
00000f67  UARTCharPutNonBlocking          
00000f75  UARTCharsAvail                  
00000bb1  UARTConfigSetExpClk             
00000e45  UARTDisable                     
00000f25  UARTEnable                      
00000fcd  UARTIntClear                    
00000fb3  UARTIntEnable                   
00000eb7  UARTIntRegister                 
00000fa9  UARTIntStatus                   
20000594  __BUTTON_Long_Pressing_Callback 
20000588  __BUTTON_Pressing_Callback      
2000058c  __BUTTON_Releasing_Callback     
20000590  __BUTTON_Short_Pressing_Callback
20000470  __STACK_END                     
00000200  __STACK_SIZE                    
20000470  __STACK_TOP                     
00001190  __TI_CINIT_Base                 
000011a8  __TI_CINIT_Limit                
00001168  __TI_Handler_Table_Base         
00001174  __TI_Handler_Table_Limit        
00000bf9  __TI_auto_init_nobinit_nopinit  
00000afd  __TI_decompress_lzss            
00000f83  __TI_decompress_none            
ffffffff  __TI_pprof_out_hndl             
ffffffff  __TI_prof_data_size             
ffffffff  __TI_prof_data_start            
00000000  __TI_static_base__              
00000e81  __TI_zero_init_nomemset         
000009f9  __aeabi_memcpy                  
000009f9  __aeabi_memcpy4                 
000009f9  __aeabi_memcpy8                 
ffffffff  __binit__                       
ffffffff  __c_args__                      
UNDEFED   __mpu_init                      
20000270  __stack                         
20000000  __start___llvm_prf_cnts         
20000000  __stop___llvm_prf_cnts          
00000d61  _c_int00_noargs                 
UNDEFED   _system_post_cinit              
00000fd1  _system_pre_init                
00000fd5  abort                           
ffffffff  binit                           
20000598  blink_timer                     
20000570  button1                         
00000287  button_long_pressing_callback   
0000026d  button_short_pressing_callback  
20000470  cl_buf                          
2000059e  cl_flag                         
2000059d  cl_pointer                      
20000000  g_pfnRAMVectors                 
00000000  g_pfnVectors                    
2000059c  led_pin                         
00000317  main                            
000009f9  memcpy                          
00000e1f  strcspn                         
00000df5  strspn                          
00000d95  strstr                          
00000c7d  strtok                          


GLOBAL SYMBOLS: SORTED BY Symbol Address 

address   name                            
-------   ----                            
00000000  __TI_static_base__              
00000000  g_pfnVectors                    
00000200  __STACK_SIZE                    
0000026d  button_short_pressing_callback  
00000287  button_long_pressing_callback   
0000029f  UART0_ISR                       
00000317  main                            
0000042b  BUTTON_Handle                   
0000051b  BUTTON_Init                     
00000557  BUTTON_Set_Callback_Function    
00000591  GPIOPadConfigSet                
000006fd  SysCtlClockGet                  
00000815  SysCtlClockSet                  
00000909  COMMAND_LINE_Init               
0000090b  COMMAND_LINE_Handle             
0000099b  COMMAND_LINE_Receive            
000009f9  __aeabi_memcpy                  
000009f9  __aeabi_memcpy4                 
000009f9  __aeabi_memcpy8                 
000009f9  memcpy                          
00000a95  IntEnable                       
00000afd  __TI_decompress_lzss            
00000b65  GPIOPinConfigure                
00000bb1  UARTConfigSetExpClk             
00000bf9  __TI_auto_init_nobinit_nopinit  
00000c7d  strtok                          
00000cc7  SysTickMs_Init                  
00000ce9  SysTickMs_GetTick               
00000cf9  IntRegister                     
00000d2d  SysCtlPeripheralEnable          
00000d61  _c_int00_noargs                 
00000d95  strstr                          
00000dc9  GPIODirModeSet                  
00000df5  strspn                          
00000e1f  strcspn                         
00000e45  UARTDisable                     
00000e65  SysTickIntRegister              
00000e81  __TI_zero_init_nomemset         
00000e9d  GPIOPinTypeGPIOOutput           
00000eb7  UARTIntRegister                 
00000ecf  GPIOPinTypeGPIOInput            
00000ee5  GPIOPinTypeUART                 
00000efd  SysTickEnable                   
00000f11  SysTickIntEnable                
00000f25  UARTEnable                      
00000f39  IntMasterEnable                 
00000f49  SysTickPeriodSet                
00000f59  UARTCharGetNonBlocking          
00000f67  UARTCharPutNonBlocking          
00000f75  UARTCharsAvail                  
00000f83  __TI_decompress_none            
00000f91  CPUcpsie                        
00000f9d  ResetISR                        
00000fa9  UARTIntStatus                   
00000fb3  UARTIntEnable                   
00000fbb  GPIOPinRead                     
00000fc1  GPIOPinWrite                    
00000fc7  SysCtlDelay                     
00000fcd  UARTIntClear                    
00000fd1  _system_pre_init                
00000fd5  C$$EXIT                         
00000fd5  abort                           
00001168  __TI_Handler_Table_Base         
00001174  __TI_Handler_Table_Limit        
00001190  __TI_CINIT_Base                 
000011a8  __TI_CINIT_Limit                
20000000  __start___llvm_prf_cnts         
20000000  __stop___llvm_prf_cnts          
20000000  g_pfnRAMVectors                 
20000270  __stack                         
20000470  __STACK_END                     
20000470  __STACK_TOP                     
20000470  cl_buf                          
20000570  button1                         
20000588  __BUTTON_Pressing_Callback      
2000058c  __BUTTON_Releasing_Callback     
20000590  __BUTTON_Short_Pressing_Callback
20000594  __BUTTON_Long_Pressing_Callback 
20000598  blink_timer                     
2000059c  led_pin                         
2000059d  cl_pointer                      
2000059e  cl_flag                         
ffffffff  __TI_pprof_out_hndl             
ffffffff  __TI_prof_data_size             
ffffffff  __TI_prof_data_start            
ffffffff  __binit__                       
ffffffff  __c_args__                      
ffffffff  binit                           
UNDEFED   __mpu_init                      
UNDEFED   _system_post_cinit              

[90 symbols]
