******************************************************************************
                  TI ARM Linker PC v20.2.7                     
******************************************************************************
>> Linked Mon Feb 13 16:41:29 2023

OUTPUT FILE NAME:   <Exercise_3-3.out>
ENTRY POINT SYMBOL: "_c_int00_noargs"  address: 00000b05


MEMORY CONFIGURATION

         name            origin    length      used     unused   attr    fill
----------------------  --------  ---------  --------  --------  ----  --------
  FLASH                 00000000   00040000  00000ce4  0003f31c  R  X
  SRAM                  20000000   00008000  000004b8  00007b48  RW X


SEGMENT ALLOCATION MAP

run origin  load origin   length   init length attrs members
----------  ----------- ---------- ----------- ----- -------
00000000    00000000    00000ce8   00000ce8    r-x
  00000000    00000000    0000026c   0000026c    r-- .intvecs
  0000026c    0000026c    000009cc   000009cc    r-x .text
  00000c38    00000c38    0000006c   0000006c    r-- .const
  00000ca8    00000ca8    00000040   00000040    r-- .cinit
20000000    20000000    000004bc   00000000    rw-
  20000000    20000000    0000026c   00000000    rw- .vtable
  20000270    20000270    00000200   00000000    rw- .stack
  20000470    20000470    00000030   00000000    rw- .bss
  200004a0    200004a0    0000001c   00000000    rw- .data


SECTION ALLOCATION MAP

 output                                  attributes/
section   page    origin      length       input sections
--------  ----  ----------  ----------   ----------------
.intvecs   0    00000000    0000026c     
                  00000000    0000026c     tm4c123gh6pm_startup_ccs.obj (.intvecs)

.text      0    0000026c    000009cc     
                  0000026c    000001ac     main.obj (.text)
                  00000418    00000188     button.obj (.text)
                  000005a0    0000016c     driverlib.lib : gpio.obj (.text:GPIOPadConfigSet)
                  0000070c    00000118                   : sysctl.obj (.text:SysCtlClockGet)
                  00000824    000000f4                   : sysctl.obj (.text:SysCtlClockSet)
                  00000918    0000009c     rtsv7M4_T_le_v4SPD16_eabi.lib : memcpy_t2.asm.obj (.text)
                  000009b4    00000068                                   : copy_decompress_lzss.c.obj (.text:decompress:lzss:__TI_decompress_lzss)
                  00000a1c    00000044                                   : autoinit.c.obj (.text:__TI_auto_init_nobinit_nopinit:__TI_auto_init_nobinit_nopinit)
                  00000a60    0000003c     systick_ms.obj (.text)
                  00000a9c    00000034     driverlib.lib : interrupt.obj (.text:IntRegister)
                  00000ad0    00000034                   : sysctl.obj (.text:SysCtlPeripheralEnable)
                  00000b04    00000034     rtsv7M4_T_le_v4SPD16_eabi.lib : boot_cortex_m.c.obj (.text:_c_int00_noargs:_c_int00_noargs)
                  00000b38    0000002c     driverlib.lib : gpio.obj (.text:GPIODirModeSet)
                  00000b64    0000001c                   : systick.obj (.text:SysTickIntRegister)
                  00000b80    0000001c     rtsv7M4_T_le_v4SPD16_eabi.lib : copy_zero_init.c.obj (.text:decompress:ZI:__TI_zero_init_nomemset:__TI_zero_init_nomemset)
                  00000b9c    0000001a     driverlib.lib : gpio.obj (.text:GPIOPinTypeGPIOOutput)
                  00000bb6    00000016                   : gpio.obj (.text:GPIOPinTypeGPIOInput)
                  00000bcc    00000014                   : systick.obj (.text:SysTickEnable)
                  00000be0    00000014                   : systick.obj (.text:SysTickIntEnable)
                  00000bf4    00000010                   : systick.obj (.text:SysTickPeriodSet)
                  00000c04    0000000e     rtsv7M4_T_le_v4SPD16_eabi.lib : copy_decompress_none.c.obj (.text:decompress:none:__TI_decompress_none)
                  00000c12    0000000c     tm4c123gh6pm_startup_ccs.obj (.text)
                  00000c1e    00000006     driverlib.lib : gpio.obj (.text:GPIOPinRead)
                  00000c24    00000006                   : gpio.obj (.text:GPIOPinWrite)
                  00000c2a    00000006                   : sysctl.obj (.text:SysCtlDelay)
                  00000c30    00000004     rtsv7M4_T_le_v4SPD16_eabi.lib : pre_init.c.obj (.text:_system_pre_init)
                  00000c34    00000004                                   : exit.c.obj (.text:abort:abort)

.const     0    00000c38    0000006c     
                  00000c38    0000006c     driverlib.lib : sysctl.obj (.const:g_pui32Xtals)

.cinit     0    00000ca8    00000040     
                  00000ca8    0000000c     (__TI_handler_table)
                  00000cb4    0000000b     (.cinit..data.load) [load image, compression = lzss]
                  00000cbf    00000001     --HOLE-- [fill = 0]
                  00000cc0    00000008     (.cinit..bss.load) [load image, compression = zero_init]
                  00000cc8    00000008     (.cinit..vtable.load) [load image, compression = zero_init]
                  00000cd0    00000018     (__TI_cinit_table)

.init_array 
*          0    00000000    00000000     UNINITIALIZED

.vtable    0    20000000    0000026c     UNINITIALIZED
                  20000000    0000026c     driverlib.lib : interrupt.obj (.vtable)

.bss       0    20000470    00000030     UNINITIALIZED
                  20000470    00000018     (.common:button1)
                  20000488    00000018     (.common:button2)

.data      0    200004a0    0000001c     UNINITIALIZED
                  200004a0    00000010     button.obj (.data)
                  200004b0    00000008     main.obj (.data)
                  200004b8    00000004     systick_ms.obj (.data)

.stack     0    20000270    00000200     UNINITIALIZED
                  20000270    00000004     rtsv7M4_T_le_v4SPD16_eabi.lib : boot_cortex_m.c.obj (.stack)
                  20000274    000001fc     --HOLE--

__llvm_prf_cnts 
*          0    20000000    00000000     UNINITIALIZED

MODULE SUMMARY

       Module                         code   ro data   rw data
       ------                         ----   -------   -------
    .\
       tm4c123gh6pm_startup_ccs.obj   12     620       0      
       main.obj                       428    0         56     
    +--+------------------------------+------+---------+---------+
       Total:                         440    620       56     
                                                              
    .\Libraries\
       button.obj                     392    0         16     
       systick_ms.obj                 60     0         4      
    +--+------------------------------+------+---------+---------+
       Total:                         452    0         20     
                                                              
    C:/ti/TivaWare_C_Series-2.2.0.295/driverlib/ccs/Debug/driverlib.lib
       sysctl.obj                     582    108       0      
       interrupt.obj                  52     0         620    
       gpio.obj                       468    0         0      
       systick.obj                    84     0         0      
    +--+------------------------------+------+---------+---------+
       Total:                         1186   108       620    
                                                              
    C:\ti\ccs1220\ccs\tools\compiler\ti-cgt-arm_20.2.7.LTS\lib\rtsv7M4_T_le_v4SPD16_eabi.lib
       memcpy_t2.asm.obj              156    0         0      
       copy_decompress_lzss.c.obj     104    0         0      
       autoinit.c.obj                 68     0         0      
       boot_cortex_m.c.obj            52     0         0      
       copy_zero_init.c.obj           28     0         0      
       copy_decompress_none.c.obj     14     0         0      
       exit.c.obj                     4      0         0      
       pre_init.c.obj                 4      0         0      
    +--+------------------------------+------+---------+---------+
       Total:                         430    0         0      
                                                              
       Stack:                         0      0         512    
       Linker Generated:              0      63        0      
    +--+------------------------------+------+---------+---------+
       Grand Total:                   2508   791       1208   


LINKER GENERATED COPY TABLES

__TI_cinit_table @ 00000cd0 records: 3, size/record: 8, table size: 24
	.data: load addr=00000cb4, load size=0000000b bytes, run addr=200004a0, run size=0000001c bytes, compression=lzss
	.bss: load addr=00000cc0, load size=00000008 bytes, run addr=20000470, run size=00000030 bytes, compression=zero_init
	.vtable: load addr=00000cc8, load size=00000008 bytes, run addr=20000000, run size=0000026c bytes, compression=zero_init


LINKER GENERATED HANDLER TABLE

__TI_handler_table @ 00000ca8 records: 3, size/record: 4, table size: 12
	index: 0, handler: __TI_zero_init
	index: 1, handler: __TI_decompress_lzss
	index: 2, handler: __TI_decompress_none


GLOBAL SYMBOLS: SORTED ALPHABETICALLY BY Name 

address   name                            
-------   ----                            
0000043b  BUTTON_Handle                   
0000052b  BUTTON_Init                     
00000567  BUTTON_Set_Callback_Function    
00000c35  C$$EXIT                         
00000b39  GPIODirModeSet                  
000005a1  GPIOPadConfigSet                
00000c1f  GPIOPinRead                     
00000bb7  GPIOPinTypeGPIOInput            
00000b9d  GPIOPinTypeGPIOOutput           
00000c25  GPIOPinWrite                    
00000a9d  IntRegister                     
00000c13  ResetISR                        
00000361  STATE_MACHINE_Handle            
0000070d  SysCtlClockGet                  
00000825  SysCtlClockSet                  
00000c2b  SysCtlDelay                     
00000ad1  SysCtlPeripheralEnable          
00000bcd  SysTickEnable                   
00000be1  SysTickIntEnable                
00000b65  SysTickIntRegister              
00000a8d  SysTickMs_GetTick               
00000a6b  SysTickMs_Init                  
00000bf5  SysTickPeriodSet                
200004ac  __BUTTON_Long_Pressing_Callback 
200004a0  __BUTTON_Pressing_Callback      
200004a4  __BUTTON_Releasing_Callback     
200004a8  __BUTTON_Short_Pressing_Callback
20000470  __STACK_END                     
00000200  __STACK_SIZE                    
20000470  __STACK_TOP                     
00000cd0  __TI_CINIT_Base                 
00000ce8  __TI_CINIT_Limit                
00000ca8  __TI_Handler_Table_Base         
00000cb4  __TI_Handler_Table_Limit        
00000a1d  __TI_auto_init_nobinit_nopinit  
000009b5  __TI_decompress_lzss            
00000c05  __TI_decompress_none            
ffffffff  __TI_pprof_out_hndl             
ffffffff  __TI_prof_data_size             
ffffffff  __TI_prof_data_start            
00000000  __TI_static_base__              
00000b81  __TI_zero_init_nomemset         
00000919  __aeabi_memcpy                  
00000919  __aeabi_memcpy4                 
00000919  __aeabi_memcpy8                 
ffffffff  __binit__                       
ffffffff  __c_args__                      
UNDEFED   __mpu_init                      
20000270  __stack                         
20000000  __start___llvm_prf_cnts         
20000000  __stop___llvm_prf_cnts          
00000b05  _c_int00_noargs                 
UNDEFED   _system_post_cinit              
00000c31  _system_pre_init                
00000c35  abort                           
ffffffff  binit                           
200004b1  blink_counter                   
200004b4  blink_timer                     
20000470  button1                         
20000488  button2                         
000002ed  button_short_pressing_callback  
20000000  g_pfnRAMVectors                 
00000000  g_pfnVectors                    
0000026d  main                            
00000919  memcpy                          


GLOBAL SYMBOLS: SORTED BY Symbol Address 

address   name                            
-------   ----                            
00000000  __TI_static_base__              
00000000  g_pfnVectors                    
00000200  __STACK_SIZE                    
0000026d  main                            
000002ed  button_short_pressing_callback  
00000361  STATE_MACHINE_Handle            
0000043b  BUTTON_Handle                   
0000052b  BUTTON_Init                     
00000567  BUTTON_Set_Callback_Function    
000005a1  GPIOPadConfigSet                
0000070d  SysCtlClockGet                  
00000825  SysCtlClockSet                  
00000919  __aeabi_memcpy                  
00000919  __aeabi_memcpy4                 
00000919  __aeabi_memcpy8                 
00000919  memcpy                          
000009b5  __TI_decompress_lzss            
00000a1d  __TI_auto_init_nobinit_nopinit  
00000a6b  SysTickMs_Init                  
00000a8d  SysTickMs_GetTick               
00000a9d  IntRegister                     
00000ad1  SysCtlPeripheralEnable          
00000b05  _c_int00_noargs                 
00000b39  GPIODirModeSet                  
00000b65  SysTickIntRegister              
00000b81  __TI_zero_init_nomemset         
00000b9d  GPIOPinTypeGPIOOutput           
00000bb7  GPIOPinTypeGPIOInput            
00000bcd  SysTickEnable                   
00000be1  SysTickIntEnable                
00000bf5  SysTickPeriodSet                
00000c05  __TI_decompress_none            
00000c13  ResetISR                        
00000c1f  GPIOPinRead                     
00000c25  GPIOPinWrite                    
00000c2b  SysCtlDelay                     
00000c31  _system_pre_init                
00000c35  C$$EXIT                         
00000c35  abort                           
00000ca8  __TI_Handler_Table_Base         
00000cb4  __TI_Handler_Table_Limit        
00000cd0  __TI_CINIT_Base                 
00000ce8  __TI_CINIT_Limit                
20000000  __start___llvm_prf_cnts         
20000000  __stop___llvm_prf_cnts          
20000000  g_pfnRAMVectors                 
20000270  __stack                         
20000470  __STACK_END                     
20000470  __STACK_TOP                     
20000470  button1                         
20000488  button2                         
200004a0  __BUTTON_Pressing_Callback      
200004a4  __BUTTON_Releasing_Callback     
200004a8  __BUTTON_Short_Pressing_Callback
200004ac  __BUTTON_Long_Pressing_Callback 
200004b1  blink_counter                   
200004b4  blink_timer                     
ffffffff  __TI_pprof_out_hndl             
ffffffff  __TI_prof_data_size             
ffffffff  __TI_prof_data_start            
ffffffff  __binit__                       
ffffffff  __c_args__                      
ffffffff  binit                           
UNDEFED   __mpu_init                      
UNDEFED   _system_post_cinit              

[65 symbols]
